Archive member included because of file (symbol)

C:\PROGRA~2\ONSEMI~1\EZAIRO~1/lib/cfx\sk4_sys.a(sk4_syslib.o)
                              ./app.o (SYSLIB_Delay)

Discarded input sections

 .cfasm_segments
                0x0000000000000000       0x16 ./app.o
 .cfasm_segments
                0x0000000000000000       0x1a ./app_init.o
 .cfasm_segments
                0x0000000000000000       0x35 ./app_isr.o
 .cfasm_segments
                0x0000000000000000      0x2cb ./app_memory.o
 .cfasm_segments
                0x0000000000000000      0x1b5 ./microcode.o
 .cfasm_segments
                0x0000000000000000       0x6b CM3.o
 .cfasm_segments
                0x0000000000000000       0x1c C:\PROGRA~2\ONSEMI~1\EZAIRO~1/lib/cfx\sk4_sys.a(sk4_syslib.o)

Memory Configuration

Name             Origin             Length             Attributes
mem0_8000_dbff   0x0000000000008000 0x0000000000005c00 xrw
mem0_dfe0_dfff   0x000000000000dfe0 0x0000000000000020 xrw
mem0_e000_efff   0x000000000000e000 0x0000000000001000 xrw
mem0_f300_f312   0x000000000000f300 0x0000000000000013 xrw
mem0_f800_f8bf   0x000000000000f800 0x00000000000000c0 xrw
mem0_f900_f9ff   0x000000000000f900 0x0000000000000100 xrw
mem0_4000_4fff   0x0000000000004000 0x0000000000001000 xrw
mem0_5000_7fff   0x0000000000005000 0x0000000000003000 xrw
mem1_0120_2fff   0x0000000001000120 0x0000000000002ee0 w
mem1_4000_67ff   0x0000000001004000 0x0000000000002800 w
mem1_8000_ffff   0x0000000001008000 0x0000000000008000 w
mem2_0120_0fff   0x0000000002000120 0x0000000000000ee0 w
mem2_c000_ffff   0x000000000200c000 0x0000000000004000 w
mem3_0020_011f   0x0000000003000020 0x0000000000000100 w
*default*        0x0000000000000000 0xffffffffffffffff

Linker script and memory map


.main           0x0000000000008000     0x14f0
 *(.main)
 .main          0x0000000000008000      0x29e ./app.o
                0x0000000000008000                main

.segEELIB
 *(.segEELIB)

.init_seg       0x000000000000829e      0x428
 *(.init_seg)
 .init_seg      0x000000000000829e       0x85 ./app_init.o
                0x000000000000829e                Initialize

.seg_syslib     0x0000000000008323      0x3b8
 *(.seg_syslib)
 .seg_syslib    0x0000000000008323       0x77 C:\PROGRA~2\ONSEMI~1\EZAIRO~1/lib/cfx\sk4_sys.a(sk4_syslib.o)
                0x0000000000008323                SYSLIB_Reset
                0x0000000000008326                SYSLIB_Delay
                0x0000000000008337                SYSLIB_DelayBase
                0x0000000000008342                SYSLIB_WaitForSPIDone
                0x0000000000008348                SYSLIB_SetOperatingFrequency
                0x0000000000008355                SYSLIB_SetOperatingFrequency_Throttle
                0x0000000000008368                SYSLIB_SoftPowerdownEnable
                0x000000000000836e                SYSLIB_SoftPowerdownDisable
                0x0000000000008376                SYSLIB_CalibrateADC

.segMATHLIB
 *(.segMATHLIB)

.isr_seg        0x000000000000839a       0x90
 *(.isr_seg)
 .isr_seg       0x000000000000839a       0x12 ./app_isr.o

.int_vect_seg   0x000000000000dfe0      0x100
 *(.int_vect_seg)
 .int_vect_seg  0x000000000000dfe0       0x20 ./app_isr.o

.MICROCODE0     0x000000000000e000       0x20
 *(.MICROCODE0)
 .MICROCODE0    0x000000000000e000        0x4 ./microcode.o

.function_chain0_entry
                0x000000000000e004        0x0
 *(.function_chain0_entry)
 .function_chain0_entry
                0x000000000000e004        0x0 ./microcode.o

.MICROCODE1     0x000000000000e004      0x438
 *(.MICROCODE1)
 .MICROCODE1    0x000000000000e004       0x87 ./microcode.o

.function_chain1_entry
                0x000000000000e07d        0x0
 *(.function_chain1_entry)
 .function_chain1_entry
                0x000000000000e07d        0x0 ./microcode.o

.cm3_data_0x20000000
                0x0000000000004000       0x30
 *(.cm3_data_0x20000000)
 .cm3_data_0x20000000
                0x0000000000004000        0x6 CM3.o

.P_PCM_RET_Reserved
                0x0000000000004cfe       0x10
 *(.P_PCM_RET_Reserved)
 .P_PCM_RET_Reserved
                0x0000000000004cfe        0x2 ./app_memory.o
                0x0000000000004cfe                P_PCM_RET

.P_PCM_INPUT_Reserved
                0x0000000000004dff      0x7f8
 *(.P_PCM_INPUT_Reserved)
 .P_PCM_INPUT_Reserved
                0x0000000000004dff       0xff ./app_memory.o
                0x0000000000004dff                P_PCM_INPUT

.cm3_prog_0x00000000
                0x0000000000005000     0x2eb8
 *(.cm3_prog_0x00000000)
 .cm3_prog_0x00000000
                0x0000000000005000      0x5d7 CM3.o

.cm3_prog_0x0000175C
                0x00000000000055d7      0x118
 *(.cm3_prog_0x0000175C)
 .cm3_prog_0x0000175C
                0x00000000000055d7       0x23 CM3.o

.X_System_Memory_Reserved
                0x0000000001000120       0x80
 *(.X_System_Memory_Reserved)
 .X_System_Memory_Reserved
                0x0000000001000120       0x10 ./app_memory.o
                0x0000000001000120                X_CM3_0_DONE
                0x0000000001000121                X_CM3_1_DONE
                0x0000000001000122                X_CMD_CNT
                0x0000000001000123                X_PATTERN_CNT
                0x0000000001000124                X_FIFO_0_DONE
                0x0000000001000125                X_HEAR_FUNCTION_CHAIN0_DONE
                0x0000000001000126                X_HEAR_FUNCTION_CHAIN1_DONE
                0x0000000001000127                X_FUNCTION_1
                0x0000000001000128                X_FUNCTION_2
                0x0000000001000129                X_FUNCTION_3
                0x000000000100012a                X_FUNCTION_4
                0x000000000100012b                X_FUNCTION_5
                0x000000000100012c                X_FUNCTION_6
                0x000000000100012d                X_FUNCTION_7
                0x000000000100012e                X_FUNCTION_8
                0x000000000100012f                X_FUNCTION_9

.X_FFT_MERGY_Reserved
                0x0000000001000600       0xc0
 *(.X_FFT_MERGY_Reserved)
 .X_FFT_MERGY_Reserved
                0x0000000001000600       0x18 ./app_memory.o
                0x0000000001000600                X_FFT_MERGY

.X_ENERGY_SORTING_Reserved
                0x0000000001000620       0xc0
 *(.X_ENERGY_SORTING_Reserved)
 .X_ENERGY_SORTING_Reserved
                0x0000000001000620       0x18 ./app_memory.o
                0x0000000001000620                X_ENERGY_SORTING

.X_ENERGY_SORTING_EL_Reserved
                0x0000000001000640       0xc0
 *(.X_ENERGY_SORTING_EL_Reserved)
 .X_ENERGY_SORTING_EL_Reserved
                0x0000000001000640       0x18 ./app_memory.o
                0x0000000001000640                X_ENERGY_SORTING_EL

.X_System_PCM_Data_Memory_Reserved
                0x0000000001002f70       0x80
 *(.X_System_PCM_Data_Memory_Reserved)
 .X_System_PCM_Data_Memory_Reserved
                0x0000000001002f70       0x10 ./app_memory.o
                0x0000000001002f70                X_PCM_DATA

.X_System_Stack_Memory_Reserved
                0x0000000001002f80      0x400
 *(.X_System_Stack_Memory_Reserved)
 .X_System_Stack_Memory_Reserved
                0x0000000001002f80       0x80 ./app_memory.o
                0x0000000001002f80                X_STACK_BOTTOM
                0x0000000001003000                PROVIDE (__stack, .)

.X_System_Analysis_Results_Memory_Reserved
                0x0000000001004000      0x800
 *(.X_System_Analysis_Results_Memory_Reserved)
 .X_System_Analysis_Results_Memory_Reserved
                0x0000000001004000      0x100 ./app_memory.o
                0x0000000001004000                X_ANALYSIS_RESULTS

.X_System_WOLA_H23_Data_Memory_Reserved
                0x0000000001004400      0x800
 *(.X_System_WOLA_H23_Data_Memory_Reserved)
 .X_System_WOLA_H23_Data_Memory_Reserved
                0x0000000001004400      0x100 ./app_memory.o
                0x0000000001004400                X_WOLA_TEMP23_DATA

.X_System_Gain_Table_Memory_Reserved
                0x0000000001004800        0x0
 *(.X_System_Gain_Table_Memory_Reserved)
 .X_System_Gain_Table_Memory_Reserved
                0x0000000001004800        0x0 ./app_memory.o

.MICROCODE_DATA0
                0x000000000100bf62      0x1f0
 *(.MICROCODE_DATA0)
 .MICROCODE_DATA0
                0x000000000100bf62       0x3e ./microcode.o

.WOLA_A_Analysis_i_shift
                0x000000000100bf62        0x0
 *(.WOLA_A_Analysis_i_shift)
 .WOLA_A_Analysis_i_shift
                0x000000000100bf62        0x0 ./microcode.o

.WOLA_A_Energy_input_addr
                0x000000000100bf98        0x0
 *(.WOLA_A_Energy_input_addr)
 .WOLA_A_Energy_input_addr
                0x000000000100bf98        0x0 ./microcode.o

.WOLA_A_Energy_output_addr
                0x000000000100bf99        0x0
 *(.WOLA_A_Energy_output_addr)
 .WOLA_A_Energy_output_addr
                0x000000000100bf99        0x0 ./microcode.o

.GAIN_A_exp     0x000000000100bf9a        0x0
 *(.GAIN_A_exp)
 .GAIN_A_exp    0x000000000100bf9a        0x0 ./microcode.o

.GAIN_A_gain_vector_addr
                0x000000000100bf9e        0x0
 *(.GAIN_A_gain_vector_addr)
 .GAIN_A_gain_vector_addr
                0x000000000100bf9e        0x0 ./microcode.o

.MICROCODE_DATA3
                0x000000000100bfa0      0x200
 *(.MICROCODE_DATA3)
 .MICROCODE_DATA3
                0x000000000100bfa0       0x40 ./microcode.o

.MICROCODE_DATA1
                0x000000000100bfe0      0x100
 *(.MICROCODE_DATA1)
 .MICROCODE_DATA1
                0x000000000100bfe0       0x20 ./microcode.o

.X_HCT_FIFO_A0_0_Memory_Reserved
                0x000000000100c000      0xc00
 *(.X_HCT_FIFO_A0_0_Memory_Reserved)
 .X_HCT_FIFO_A0_0_Memory_Reserved
                0x000000000100c000      0x180 ./app_memory.o

.MICROCODE_DATA2
                0x000000000100e000      0x800
 *(.MICROCODE_DATA2)
 .MICROCODE_DATA2
                0x000000000100e000      0x100 ./microcode.o

.Y_System_Memory_Reserved
                0x0000000002000120        0x0
 *(.Y_System_Memory_Reserved)
 .Y_System_Memory_Reserved
                0x0000000002000120        0x0 ./app_memory.o

.Y_System_MAP_Data_Memory_Reserved
                0x0000000002000200      0x600
 *(.Y_System_MAP_Data_Memory_Reserved)
 .Y_System_MAP_Data_Memory_Reserved
                0x0000000002000200       0xc0 ./app_memory.o
                0x0000000002000200                Y_MAP_DATA

.Y_System_TC_Data_Memory_Reserved
                0x0000000002000400      0x538
 *(.Y_System_TC_Data_Memory_Reserved)
 .Y_System_TC_Data_Memory_Reserved
                0x0000000002000400       0xa7 ./app_memory.o

.XY_System_Memory_Reserved
                0x0000000003000020        0x0
 *(.XY_System_Memory_Reserved)
 .XY_System_Memory_Reserved
                0x0000000003000020        0x0 ./app_memory.o

.cfasm_mem0_bss_ranges
 *(.cfasm_mem0_bss_ranges)
                0x0000000000000000                __cfasm_mem0_bss_ranges_start = 0x0
                0x0000000000000000                __cfasm_mem0_bss_ranges_end = 0x0

.cfasm_mem1_bss_ranges
                0x0000000000000000       0x50
 *(.cfasm_mem1_bss_ranges)
 .cfasm_mem1_bss_ranges
                0x0000000000000000        0x8 ./app_memory.o
 .cfasm_mem1_bss_ranges
                0x0000000000000040        0x2 ./microcode.o
                0x0000000000000000                __cfasm_mem1_bss_ranges_start = 0x0
                0x0000000000000000                __cfasm_mem1_bss_ranges_end = 0x0

.cfasm_mem2_bss_ranges
 *(.cfasm_mem2_bss_ranges)
                0x0000000000000000                __cfasm_mem2_bss_ranges_start = 0x0
                0x0000000000000000                __cfasm_mem2_bss_ranges_end = 0x0

.cfasm_mem3_bss_ranges
 *(.cfasm_mem3_bss_ranges)
                0x0000000000000000                __cfasm_mem3_bss_ranges_start = 0x0
                0x0000000000000000                __cfasm_mem3_bss_ranges_end = 0x0

.cfasm_segments
                0x0000000000000000      0x592
                0x0000000000000000        0x2 SHORT 0x1
                0x0000000000000002        0x1 BYTE 0x58
                0x0000000000000003        0x1 BYTE 0x5f
                0x0000000000000004        0x1 BYTE 0x53
                0x0000000000000005        0x1 BYTE 0x79
                0x0000000000000006        0x1 BYTE 0x73
                0x0000000000000007        0x1 BYTE 0x74
                0x0000000000000008        0x1 BYTE 0x65
                0x0000000000000009        0x1 BYTE 0x6d
                0x000000000000000a        0x1 BYTE 0x5f
                0x000000000000000b        0x1 BYTE 0x57
                0x000000000000000c        0x1 BYTE 0x4f
                0x000000000000000d        0x1 BYTE 0x4c
                0x000000000000000e        0x1 BYTE 0x41
                0x000000000000000f        0x1 BYTE 0x5f
                0x0000000000000010        0x1 BYTE 0x48
                0x0000000000000011        0x1 BYTE 0x32
                0x0000000000000012        0x1 BYTE 0x33
                0x0000000000000013        0x1 BYTE 0x5f
                0x0000000000000014        0x1 BYTE 0x44
                0x0000000000000015        0x1 BYTE 0x61
                0x0000000000000016        0x1 BYTE 0x74
                0x0000000000000017        0x1 BYTE 0x61
                0x0000000000000018        0x1 BYTE 0x5f
                0x0000000000000019        0x1 BYTE 0x4d
                0x000000000000001a        0x1 BYTE 0x65
                0x000000000000001b        0x1 BYTE 0x6d
                0x000000000000001c        0x1 BYTE 0x6f
                0x000000000000001d        0x1 BYTE 0x72
                0x000000000000001e        0x1 BYTE 0x79
                0x000000000000001f        0x1 BYTE 0x5f
                0x0000000000000020        0x1 BYTE 0x52
                0x0000000000000021        0x1 BYTE 0x65
                0x0000000000000022        0x1 BYTE 0x73
                0x0000000000000023        0x1 BYTE 0x65
                0x0000000000000024        0x1 BYTE 0x72
                0x0000000000000025        0x1 BYTE 0x76
                0x0000000000000026        0x1 BYTE 0x65
                0x0000000000000027        0x1 BYTE 0x64
                0x0000000000000028        0x1 BYTE 0x0
                0x0000000000000029        0x4 LONG 0xffffffffffffffff
                0x000000000000002d        0x4 LONG 0x4400
                0x0000000000000031        0x4 LONG 0x1
                0x0000000000000035        0x1 BYTE 0x1
                0x0000000000000036        0x2 SHORT 0x18
                0x0000000000000038        0x1 BYTE 0x59
                0x0000000000000039        0x1 BYTE 0x5f
                0x000000000000003a        0x1 BYTE 0x53
                0x000000000000003b        0x1 BYTE 0x79
                0x000000000000003c        0x1 BYTE 0x73
                0x000000000000003d        0x1 BYTE 0x74
                0x000000000000003e        0x1 BYTE 0x65
                0x000000000000003f        0x1 BYTE 0x6d
                0x0000000000000040        0x1 BYTE 0x5f
                0x0000000000000041        0x1 BYTE 0x4d
                0x0000000000000042        0x1 BYTE 0x41
                0x0000000000000043        0x1 BYTE 0x50
                0x0000000000000044        0x1 BYTE 0x5f
                0x0000000000000045        0x1 BYTE 0x44
                0x0000000000000046        0x1 BYTE 0x61
                0x0000000000000047        0x1 BYTE 0x74
                0x0000000000000048        0x1 BYTE 0x61
                0x0000000000000049        0x1 BYTE 0x5f
                0x000000000000004a        0x1 BYTE 0x4d
                0x000000000000004b        0x1 BYTE 0x65
                0x000000000000004c        0x1 BYTE 0x6d
                0x000000000000004d        0x1 BYTE 0x6f
                0x000000000000004e        0x1 BYTE 0x72
                0x000000000000004f        0x1 BYTE 0x79
                0x0000000000000050        0x1 BYTE 0x5f
                0x0000000000000051        0x1 BYTE 0x52
                0x0000000000000052        0x1 BYTE 0x65
                0x0000000000000053        0x1 BYTE 0x73
                0x0000000000000054        0x1 BYTE 0x65
                0x0000000000000055        0x1 BYTE 0x72
                0x0000000000000056        0x1 BYTE 0x76
                0x0000000000000057        0x1 BYTE 0x65
                0x0000000000000058        0x1 BYTE 0x64
                0x0000000000000059        0x1 BYTE 0x0
                0x000000000000005a        0x4 LONG 0xffffffffffffffff
                0x000000000000005e        0x4 LONG 0x200
                0x0000000000000062        0x4 LONG 0x1
                0x0000000000000066        0x1 BYTE 0x2
                0x0000000000000067        0x2 SHORT 0x18
                0x0000000000000069        0x1 BYTE 0x58
                0x000000000000006a        0x1 BYTE 0x5f
                0x000000000000006b        0x1 BYTE 0x48
                0x000000000000006c        0x1 BYTE 0x43
                0x000000000000006d        0x1 BYTE 0x54
                0x000000000000006e        0x1 BYTE 0x5f
                0x000000000000006f        0x1 BYTE 0x46
                0x0000000000000070        0x1 BYTE 0x49
                0x0000000000000071        0x1 BYTE 0x46
                0x0000000000000072        0x1 BYTE 0x4f
                0x0000000000000073        0x1 BYTE 0x5f
                0x0000000000000074        0x1 BYTE 0x41
                0x0000000000000075        0x1 BYTE 0x30
                0x0000000000000076        0x1 BYTE 0x5f
                0x0000000000000077        0x1 BYTE 0x30
                0x0000000000000078        0x1 BYTE 0x5f
                0x0000000000000079        0x1 BYTE 0x4d
                0x000000000000007a        0x1 BYTE 0x65
                0x000000000000007b        0x1 BYTE 0x6d
                0x000000000000007c        0x1 BYTE 0x6f
                0x000000000000007d        0x1 BYTE 0x72
                0x000000000000007e        0x1 BYTE 0x79
                0x000000000000007f        0x1 BYTE 0x5f
                0x0000000000000080        0x1 BYTE 0x52
                0x0000000000000081        0x1 BYTE 0x65
                0x0000000000000082        0x1 BYTE 0x73
                0x0000000000000083        0x1 BYTE 0x65
                0x0000000000000084        0x1 BYTE 0x72
                0x0000000000000085        0x1 BYTE 0x76
                0x0000000000000086        0x1 BYTE 0x65
                0x0000000000000087        0x1 BYTE 0x64
                0x0000000000000088        0x1 BYTE 0x0
                0x0000000000000089        0x4 LONG 0xffffffffffffffff
                0x000000000000008d        0x4 LONG 0xc000
                0x0000000000000091        0x4 LONG 0x1
                0x0000000000000095        0x1 BYTE 0x1
                0x0000000000000096        0x2 SHORT 0x18
                0x0000000000000098        0x1 BYTE 0x63
                0x0000000000000099        0x1 BYTE 0x6d
                0x000000000000009a        0x1 BYTE 0x33
                0x000000000000009b        0x1 BYTE 0x5f
                0x000000000000009c        0x1 BYTE 0x70
                0x000000000000009d        0x1 BYTE 0x72
                0x000000000000009e        0x1 BYTE 0x6f
                0x000000000000009f        0x1 BYTE 0x67
                0x00000000000000a0        0x1 BYTE 0x5f
                0x00000000000000a1        0x1 BYTE 0x30
                0x00000000000000a2        0x1 BYTE 0x78
                0x00000000000000a3        0x1 BYTE 0x30
                0x00000000000000a4        0x1 BYTE 0x30
                0x00000000000000a5        0x1 BYTE 0x30
                0x00000000000000a6        0x1 BYTE 0x30
                0x00000000000000a7        0x1 BYTE 0x30
                0x00000000000000a8        0x1 BYTE 0x30
                0x00000000000000a9        0x1 BYTE 0x30
                0x00000000000000aa        0x1 BYTE 0x30
                0x00000000000000ab        0x1 BYTE 0x0
                0x00000000000000ac        0x4 LONG 0xffffffffffffffff
                0x00000000000000b0        0x4 LONG 0x5000
                0x00000000000000b4        0x4 LONG 0x1
                0x00000000000000b8        0x1 BYTE 0x0
                0x00000000000000b9        0x2 SHORT 0x20
                0x00000000000000bb        0x1 BYTE 0x47
                0x00000000000000bc        0x1 BYTE 0x41
                0x00000000000000bd        0x1 BYTE 0x49
                0x00000000000000be        0x1 BYTE 0x4e
                0x00000000000000bf        0x1 BYTE 0x5f
                0x00000000000000c0        0x1 BYTE 0x41
                0x00000000000000c1        0x1 BYTE 0x5f
                0x00000000000000c2        0x1 BYTE 0x67
                0x00000000000000c3        0x1 BYTE 0x61
                0x00000000000000c4        0x1 BYTE 0x69
                0x00000000000000c5        0x1 BYTE 0x6e
                0x00000000000000c6        0x1 BYTE 0x5f
                0x00000000000000c7        0x1 BYTE 0x76
                0x00000000000000c8        0x1 BYTE 0x65
                0x00000000000000c9        0x1 BYTE 0x63
                0x00000000000000ca        0x1 BYTE 0x74
                0x00000000000000cb        0x1 BYTE 0x6f
                0x00000000000000cc        0x1 BYTE 0x72
                0x00000000000000cd        0x1 BYTE 0x5f
                0x00000000000000ce        0x1 BYTE 0x61
                0x00000000000000cf        0x1 BYTE 0x64
                0x00000000000000d0        0x1 BYTE 0x64
                0x00000000000000d1        0x1 BYTE 0x72
                0x00000000000000d2        0x1 BYTE 0x0
                0x00000000000000d3        0x4 LONG 0xffffffffffffffff
                0x00000000000000d7        0x4 LONG 0xbf9e
                0x00000000000000db        0x4 LONG 0x1
                0x00000000000000df        0x1 BYTE 0x1
                0x00000000000000e0        0x2 SHORT 0x18
                0x00000000000000e2        0x1 BYTE 0x47
                0x00000000000000e3        0x1 BYTE 0x41
                0x00000000000000e4        0x1 BYTE 0x49
                0x00000000000000e5        0x1 BYTE 0x4e
                0x00000000000000e6        0x1 BYTE 0x5f
                0x00000000000000e7        0x1 BYTE 0x41
                0x00000000000000e8        0x1 BYTE 0x5f
                0x00000000000000e9        0x1 BYTE 0x65
                0x00000000000000ea        0x1 BYTE 0x78
                0x00000000000000eb        0x1 BYTE 0x70
                0x00000000000000ec        0x1 BYTE 0x0
                0x00000000000000ed        0x4 LONG 0xffffffffffffffff
                0x00000000000000f1        0x4 LONG 0xbf9a
                0x00000000000000f5        0x4 LONG 0x1
                0x00000000000000f9        0x1 BYTE 0x1
                0x00000000000000fa        0x2 SHORT 0x18
                0x00000000000000fc        0x1 BYTE 0x58
                0x00000000000000fd        0x1 BYTE 0x5f
                0x00000000000000fe        0x1 BYTE 0x53
                0x00000000000000ff        0x1 BYTE 0x79
                0x0000000000000100        0x1 BYTE 0x73
                0x0000000000000101        0x1 BYTE 0x74
                0x0000000000000102        0x1 BYTE 0x65
                0x0000000000000103        0x1 BYTE 0x6d
                0x0000000000000104        0x1 BYTE 0x5f
                0x0000000000000105        0x1 BYTE 0x4d
                0x0000000000000106        0x1 BYTE 0x65
                0x0000000000000107        0x1 BYTE 0x6d
                0x0000000000000108        0x1 BYTE 0x6f
                0x0000000000000109        0x1 BYTE 0x72
                0x000000000000010a        0x1 BYTE 0x79
                0x000000000000010b        0x1 BYTE 0x5f
                0x000000000000010c        0x1 BYTE 0x52
                0x000000000000010d        0x1 BYTE 0x65
                0x000000000000010e        0x1 BYTE 0x73
                0x000000000000010f        0x1 BYTE 0x65
                0x0000000000000110        0x1 BYTE 0x72
                0x0000000000000111        0x1 BYTE 0x76
                0x0000000000000112        0x1 BYTE 0x65
                0x0000000000000113        0x1 BYTE 0x64
                0x0000000000000114        0x1 BYTE 0x0
                0x0000000000000115        0x4 LONG 0xffffffffffffffff
                0x0000000000000119        0x4 LONG 0xffffffffffffffff
                0x000000000000011d        0x4 LONG 0x1
                0x0000000000000121        0x1 BYTE 0x1
                0x0000000000000122        0x2 SHORT 0x18
                0x0000000000000124        0x1 BYTE 0x58
                0x0000000000000125        0x1 BYTE 0x5f
                0x0000000000000126        0x1 BYTE 0x53
                0x0000000000000127        0x1 BYTE 0x79
                0x0000000000000128        0x1 BYTE 0x73
                0x0000000000000129        0x1 BYTE 0x74
                0x000000000000012a        0x1 BYTE 0x65
                0x000000000000012b        0x1 BYTE 0x6d
                0x000000000000012c        0x1 BYTE 0x5f
                0x000000000000012d        0x1 BYTE 0x50
                0x000000000000012e        0x1 BYTE 0x43
                0x000000000000012f        0x1 BYTE 0x4d
                0x0000000000000130        0x1 BYTE 0x5f
                0x0000000000000131        0x1 BYTE 0x44
                0x0000000000000132        0x1 BYTE 0x61
                0x0000000000000133        0x1 BYTE 0x74
                0x0000000000000134        0x1 BYTE 0x61
                0x0000000000000135        0x1 BYTE 0x5f
                0x0000000000000136        0x1 BYTE 0x4d
                0x0000000000000137        0x1 BYTE 0x65
                0x0000000000000138        0x1 BYTE 0x6d
                0x0000000000000139        0x1 BYTE 0x6f
                0x000000000000013a        0x1 BYTE 0x72
                0x000000000000013b        0x1 BYTE 0x79
                0x000000000000013c        0x1 BYTE 0x5f
                0x000000000000013d        0x1 BYTE 0x52
                0x000000000000013e        0x1 BYTE 0x65
                0x000000000000013f        0x1 BYTE 0x73
                0x0000000000000140        0x1 BYTE 0x65
                0x0000000000000141        0x1 BYTE 0x72
                0x0000000000000142        0x1 BYTE 0x76
                0x0000000000000143        0x1 BYTE 0x65
                0x0000000000000144        0x1 BYTE 0x64
                0x0000000000000145        0x1 BYTE 0x0
                0x0000000000000146        0x4 LONG 0xffffffffffffffff
                0x000000000000014a        0x4 LONG 0x2f70
                0x000000000000014e        0x4 LONG 0x1
                0x0000000000000152        0x1 BYTE 0x1
                0x0000000000000153        0x2 SHORT 0x18
                0x0000000000000155        0x1 BYTE 0x59
                0x0000000000000156        0x1 BYTE 0x5f
                0x0000000000000157        0x1 BYTE 0x53
                0x0000000000000158        0x1 BYTE 0x79
                0x0000000000000159        0x1 BYTE 0x73
                0x000000000000015a        0x1 BYTE 0x74
                0x000000000000015b        0x1 BYTE 0x65
                0x000000000000015c        0x1 BYTE 0x6d
                0x000000000000015d        0x1 BYTE 0x5f
                0x000000000000015e        0x1 BYTE 0x4d
                0x000000000000015f        0x1 BYTE 0x65
                0x0000000000000160        0x1 BYTE 0x6d
                0x0000000000000161        0x1 BYTE 0x6f
                0x0000000000000162        0x1 BYTE 0x72
                0x0000000000000163        0x1 BYTE 0x79
                0x0000000000000164        0x1 BYTE 0x5f
                0x0000000000000165        0x1 BYTE 0x52
                0x0000000000000166        0x1 BYTE 0x65
                0x0000000000000167        0x1 BYTE 0x73
                0x0000000000000168        0x1 BYTE 0x65
                0x0000000000000169        0x1 BYTE 0x72
                0x000000000000016a        0x1 BYTE 0x76
                0x000000000000016b        0x1 BYTE 0x65
                0x000000000000016c        0x1 BYTE 0x64
                0x000000000000016d        0x1 BYTE 0x0
                0x000000000000016e        0x4 LONG 0xffffffffffffffff
                0x0000000000000172        0x4 LONG 0xffffffffffffffff
                0x0000000000000176        0x4 LONG 0x1
                0x000000000000017a        0x1 BYTE 0x2
                0x000000000000017b        0x2 SHORT 0x18
                0x000000000000017d        0x1 BYTE 0x4d
                0x000000000000017e        0x1 BYTE 0x49
                0x000000000000017f        0x1 BYTE 0x43
                0x0000000000000180        0x1 BYTE 0x52
                0x0000000000000181        0x1 BYTE 0x4f
                0x0000000000000182        0x1 BYTE 0x43
                0x0000000000000183        0x1 BYTE 0x4f
                0x0000000000000184        0x1 BYTE 0x44
                0x0000000000000185        0x1 BYTE 0x45
                0x0000000000000186        0x1 BYTE 0x30
                0x0000000000000187        0x1 BYTE 0x0
                0x0000000000000188        0x4 LONG 0xffffffffffffffff
                0x000000000000018c        0x4 LONG 0xe000
                0x0000000000000190        0x4 LONG 0x1
                0x0000000000000194        0x1 BYTE 0x0
                0x0000000000000195        0x2 SHORT 0x20
                0x0000000000000197        0x1 BYTE 0x73
                0x0000000000000198        0x1 BYTE 0x65
                0x0000000000000199        0x1 BYTE 0x67
                0x000000000000019a        0x1 BYTE 0x4d
                0x000000000000019b        0x1 BYTE 0x41
                0x000000000000019c        0x1 BYTE 0x54
                0x000000000000019d        0x1 BYTE 0x48
                0x000000000000019e        0x1 BYTE 0x4c
                0x000000000000019f        0x1 BYTE 0x49
                0x00000000000001a0        0x1 BYTE 0x42
                0x00000000000001a1        0x1 BYTE 0x0
                0x00000000000001a2        0x4 LONG 0xffffffffffffffff
                0x00000000000001a6        0x4 LONG 0xffffffffffffffff
                0x00000000000001aa        0x4 LONG 0x1
                0x00000000000001ae        0x1 BYTE 0x0
                0x00000000000001af        0x2 SHORT 0x20
                0x00000000000001b1        0x1 BYTE 0x69
                0x00000000000001b2        0x1 BYTE 0x6e
                0x00000000000001b3        0x1 BYTE 0x74
                0x00000000000001b4        0x1 BYTE 0x5f
                0x00000000000001b5        0x1 BYTE 0x76
                0x00000000000001b6        0x1 BYTE 0x65
                0x00000000000001b7        0x1 BYTE 0x63
                0x00000000000001b8        0x1 BYTE 0x74
                0x00000000000001b9        0x1 BYTE 0x5f
                0x00000000000001ba        0x1 BYTE 0x73
                0x00000000000001bb        0x1 BYTE 0x65
                0x00000000000001bc        0x1 BYTE 0x67
                0x00000000000001bd        0x1 BYTE 0x0
                0x00000000000001be        0x4 LONG 0xffffffffffffffff
                0x00000000000001c2        0x4 LONG 0xdfe0
                0x00000000000001c6        0x4 LONG 0x1
                0x00000000000001ca        0x1 BYTE 0x0
                0x00000000000001cb        0x2 SHORT 0x20
                0x00000000000001cd        0x1 BYTE 0x58
                0x00000000000001ce        0x1 BYTE 0x5f
                0x00000000000001cf        0x1 BYTE 0x45
                0x00000000000001d0        0x1 BYTE 0x4e
                0x00000000000001d1        0x1 BYTE 0x45
                0x00000000000001d2        0x1 BYTE 0x52
                0x00000000000001d3        0x1 BYTE 0x47
                0x00000000000001d4        0x1 BYTE 0x59
                0x00000000000001d5        0x1 BYTE 0x5f
                0x00000000000001d6        0x1 BYTE 0x53
                0x00000000000001d7        0x1 BYTE 0x4f
                0x00000000000001d8        0x1 BYTE 0x52
                0x00000000000001d9        0x1 BYTE 0x54
                0x00000000000001da        0x1 BYTE 0x49
                0x00000000000001db        0x1 BYTE 0x4e
                0x00000000000001dc        0x1 BYTE 0x47
                0x00000000000001dd        0x1 BYTE 0x5f
                0x00000000000001de        0x1 BYTE 0x52
                0x00000000000001df        0x1 BYTE 0x65
                0x00000000000001e0        0x1 BYTE 0x73
                0x00000000000001e1        0x1 BYTE 0x65
                0x00000000000001e2        0x1 BYTE 0x72
                0x00000000000001e3        0x1 BYTE 0x76
                0x00000000000001e4        0x1 BYTE 0x65
                0x00000000000001e5        0x1 BYTE 0x64
                0x00000000000001e6        0x1 BYTE 0x0
                0x00000000000001e7        0x4 LONG 0xffffffffffffffff
                0x00000000000001eb        0x4 LONG 0x620
                0x00000000000001ef        0x4 LONG 0x1
                0x00000000000001f3        0x1 BYTE 0x1
                0x00000000000001f4        0x2 SHORT 0x18
                0x00000000000001f6        0x1 BYTE 0x66
                0x00000000000001f7        0x1 BYTE 0x75
                0x00000000000001f8        0x1 BYTE 0x6e
                0x00000000000001f9        0x1 BYTE 0x63
                0x00000000000001fa        0x1 BYTE 0x74
                0x00000000000001fb        0x1 BYTE 0x69
                0x00000000000001fc        0x1 BYTE 0x6f
                0x00000000000001fd        0x1 BYTE 0x6e
                0x00000000000001fe        0x1 BYTE 0x5f
                0x00000000000001ff        0x1 BYTE 0x63
                0x0000000000000200        0x1 BYTE 0x68
                0x0000000000000201        0x1 BYTE 0x61
                0x0000000000000202        0x1 BYTE 0x69
                0x0000000000000203        0x1 BYTE 0x6e
                0x0000000000000204        0x1 BYTE 0x30
                0x0000000000000205        0x1 BYTE 0x5f
                0x0000000000000206        0x1 BYTE 0x65
                0x0000000000000207        0x1 BYTE 0x6e
                0x0000000000000208        0x1 BYTE 0x74
                0x0000000000000209        0x1 BYTE 0x72
                0x000000000000020a        0x1 BYTE 0x79
                0x000000000000020b        0x1 BYTE 0x0
                0x000000000000020c        0x4 LONG 0xffffffffffffffff
                0x0000000000000210        0x4 LONG 0xe004
                0x0000000000000214        0x4 LONG 0x1
                0x0000000000000218        0x1 BYTE 0x0
                0x0000000000000219        0x2 SHORT 0x20
                0x000000000000021b        0x1 BYTE 0x58
                0x000000000000021c        0x1 BYTE 0x5f
                0x000000000000021d        0x1 BYTE 0x53
                0x000000000000021e        0x1 BYTE 0x79
                0x000000000000021f        0x1 BYTE 0x73
                0x0000000000000220        0x1 BYTE 0x74
                0x0000000000000221        0x1 BYTE 0x65
                0x0000000000000222        0x1 BYTE 0x6d
                0x0000000000000223        0x1 BYTE 0x5f
                0x0000000000000224        0x1 BYTE 0x47
                0x0000000000000225        0x1 BYTE 0x61
                0x0000000000000226        0x1 BYTE 0x69
                0x0000000000000227        0x1 BYTE 0x6e
                0x0000000000000228        0x1 BYTE 0x5f
                0x0000000000000229        0x1 BYTE 0x54
                0x000000000000022a        0x1 BYTE 0x61
                0x000000000000022b        0x1 BYTE 0x62
                0x000000000000022c        0x1 BYTE 0x6c
                0x000000000000022d        0x1 BYTE 0x65
                0x000000000000022e        0x1 BYTE 0x5f
                0x000000000000022f        0x1 BYTE 0x4d
                0x0000000000000230        0x1 BYTE 0x65
                0x0000000000000231        0x1 BYTE 0x6d
                0x0000000000000232        0x1 BYTE 0x6f
                0x0000000000000233        0x1 BYTE 0x72
                0x0000000000000234        0x1 BYTE 0x79
                0x0000000000000235        0x1 BYTE 0x5f
                0x0000000000000236        0x1 BYTE 0x52
                0x0000000000000237        0x1 BYTE 0x65
                0x0000000000000238        0x1 BYTE 0x73
                0x0000000000000239        0x1 BYTE 0x65
                0x000000000000023a        0x1 BYTE 0x72
                0x000000000000023b        0x1 BYTE 0x76
                0x000000000000023c        0x1 BYTE 0x65
                0x000000000000023d        0x1 BYTE 0x64
                0x000000000000023e        0x1 BYTE 0x0
                0x000000000000023f        0x4 LONG 0xffffffffffffffff
                0x0000000000000243        0x4 LONG 0x4800
                0x0000000000000247        0x4 LONG 0x1
                0x000000000000024b        0x1 BYTE 0x1
                0x000000000000024c        0x2 SHORT 0x18
                0x000000000000024e        0x1 BYTE 0x66
                0x000000000000024f        0x1 BYTE 0x75
                0x0000000000000250        0x1 BYTE 0x6e
                0x0000000000000251        0x1 BYTE 0x63
                0x0000000000000252        0x1 BYTE 0x74
                0x0000000000000253        0x1 BYTE 0x69
                0x0000000000000254        0x1 BYTE 0x6f
                0x0000000000000255        0x1 BYTE 0x6e
                0x0000000000000256        0x1 BYTE 0x5f
                0x0000000000000257        0x1 BYTE 0x63
                0x0000000000000258        0x1 BYTE 0x68
                0x0000000000000259        0x1 BYTE 0x61
                0x000000000000025a        0x1 BYTE 0x69
                0x000000000000025b        0x1 BYTE 0x6e
                0x000000000000025c        0x1 BYTE 0x31
                0x000000000000025d        0x1 BYTE 0x5f
                0x000000000000025e        0x1 BYTE 0x65
                0x000000000000025f        0x1 BYTE 0x6e
                0x0000000000000260        0x1 BYTE 0x74
                0x0000000000000261        0x1 BYTE 0x72
                0x0000000000000262        0x1 BYTE 0x79
                0x0000000000000263        0x1 BYTE 0x0
                0x0000000000000264        0x4 LONG 0xffffffffffffffff
                0x0000000000000268        0x4 LONG 0xe07d
                0x000000000000026c        0x4 LONG 0x1
                0x0000000000000270        0x1 BYTE 0x0
                0x0000000000000271        0x2 SHORT 0x20
                0x0000000000000273        0x1 BYTE 0x6d
                0x0000000000000274        0x1 BYTE 0x61
                0x0000000000000275        0x1 BYTE 0x69
                0x0000000000000276        0x1 BYTE 0x6e
                0x0000000000000277        0x1 BYTE 0x0
                0x0000000000000278        0x4 LONG 0xffffffffffffffff
                0x000000000000027c        0x4 LONG 0x8000
                0x0000000000000280        0x4 LONG 0x1
                0x0000000000000284        0x1 BYTE 0x0
                0x0000000000000285        0x2 SHORT 0x20
                0x0000000000000287        0x1 BYTE 0x4d
                0x0000000000000288        0x1 BYTE 0x49
                0x0000000000000289        0x1 BYTE 0x43
                0x000000000000028a        0x1 BYTE 0x52
                0x000000000000028b        0x1 BYTE 0x4f
                0x000000000000028c        0x1 BYTE 0x43
                0x000000000000028d        0x1 BYTE 0x4f
                0x000000000000028e        0x1 BYTE 0x44
                0x000000000000028f        0x1 BYTE 0x45
                0x0000000000000290        0x1 BYTE 0x5f
                0x0000000000000291        0x1 BYTE 0x44
                0x0000000000000292        0x1 BYTE 0x41
                0x0000000000000293        0x1 BYTE 0x54
                0x0000000000000294        0x1 BYTE 0x41
                0x0000000000000295        0x1 BYTE 0x31
                0x0000000000000296        0x1 BYTE 0x0
                0x0000000000000297        0x4 LONG 0xffffffffffffffff
                0x000000000000029b        0x4 LONG 0xbfe0
                0x000000000000029f        0x4 LONG 0x1
                0x00000000000002a3        0x1 BYTE 0x1
                0x00000000000002a4        0x2 SHORT 0x18
                0x00000000000002a6        0x1 BYTE 0x4d
                0x00000000000002a7        0x1 BYTE 0x49
                0x00000000000002a8        0x1 BYTE 0x43
                0x00000000000002a9        0x1 BYTE 0x52
                0x00000000000002aa        0x1 BYTE 0x4f
                0x00000000000002ab        0x1 BYTE 0x43
                0x00000000000002ac        0x1 BYTE 0x4f
                0x00000000000002ad        0x1 BYTE 0x44
                0x00000000000002ae        0x1 BYTE 0x45
                0x00000000000002af        0x1 BYTE 0x5f
                0x00000000000002b0        0x1 BYTE 0x44
                0x00000000000002b1        0x1 BYTE 0x41
                0x00000000000002b2        0x1 BYTE 0x54
                0x00000000000002b3        0x1 BYTE 0x41
                0x00000000000002b4        0x1 BYTE 0x30
                0x00000000000002b5        0x1 BYTE 0x0
                0x00000000000002b6        0x4 LONG 0xffffffffffffffff
                0x00000000000002ba        0x4 LONG 0xbf62
                0x00000000000002be        0x4 LONG 0x1
                0x00000000000002c2        0x1 BYTE 0x1
                0x00000000000002c3        0x2 SHORT 0x18
                0x00000000000002c5        0x1 BYTE 0x4d
                0x00000000000002c6        0x1 BYTE 0x49
                0x00000000000002c7        0x1 BYTE 0x43
                0x00000000000002c8        0x1 BYTE 0x52
                0x00000000000002c9        0x1 BYTE 0x4f
                0x00000000000002ca        0x1 BYTE 0x43
                0x00000000000002cb        0x1 BYTE 0x4f
                0x00000000000002cc        0x1 BYTE 0x44
                0x00000000000002cd        0x1 BYTE 0x45
                0x00000000000002ce        0x1 BYTE 0x5f
                0x00000000000002cf        0x1 BYTE 0x44
                0x00000000000002d0        0x1 BYTE 0x41
                0x00000000000002d1        0x1 BYTE 0x54
                0x00000000000002d2        0x1 BYTE 0x41
                0x00000000000002d3        0x1 BYTE 0x33
                0x00000000000002d4        0x1 BYTE 0x0
                0x00000000000002d5        0x4 LONG 0xffffffffffffffff
                0x00000000000002d9        0x4 LONG 0xbfa0
                0x00000000000002dd        0x4 LONG 0x1
                0x00000000000002e1        0x1 BYTE 0x1
                0x00000000000002e2        0x2 SHORT 0x18
                0x00000000000002e4        0x1 BYTE 0x4d
                0x00000000000002e5        0x1 BYTE 0x49
                0x00000000000002e6        0x1 BYTE 0x43
                0x00000000000002e7        0x1 BYTE 0x52
                0x00000000000002e8        0x1 BYTE 0x4f
                0x00000000000002e9        0x1 BYTE 0x43
                0x00000000000002ea        0x1 BYTE 0x4f
                0x00000000000002eb        0x1 BYTE 0x44
                0x00000000000002ec        0x1 BYTE 0x45
                0x00000000000002ed        0x1 BYTE 0x5f
                0x00000000000002ee        0x1 BYTE 0x44
                0x00000000000002ef        0x1 BYTE 0x41
                0x00000000000002f0        0x1 BYTE 0x54
                0x00000000000002f1        0x1 BYTE 0x41
                0x00000000000002f2        0x1 BYTE 0x32
                0x00000000000002f3        0x1 BYTE 0x0
                0x00000000000002f4        0x4 LONG 0xffffffffffffffff
                0x00000000000002f8        0x4 LONG 0xe000
                0x00000000000002fc        0x4 LONG 0x1
                0x0000000000000300        0x1 BYTE 0x1
                0x0000000000000301        0x2 SHORT 0x18
                0x0000000000000303        0x1 BYTE 0x73
                0x0000000000000304        0x1 BYTE 0x65
                0x0000000000000305        0x1 BYTE 0x67
                0x0000000000000306        0x1 BYTE 0x5f
                0x0000000000000307        0x1 BYTE 0x73
                0x0000000000000308        0x1 BYTE 0x79
                0x0000000000000309        0x1 BYTE 0x73
                0x000000000000030a        0x1 BYTE 0x6c
                0x000000000000030b        0x1 BYTE 0x69
                0x000000000000030c        0x1 BYTE 0x62
                0x000000000000030d        0x1 BYTE 0x0
                0x000000000000030e        0x4 LONG 0xffffffffffffffff
                0x0000000000000312        0x4 LONG 0xffffffffffffffff
                0x0000000000000316        0x4 LONG 0x1
                0x000000000000031a        0x1 BYTE 0x0
                0x000000000000031b        0x2 SHORT 0x20
                0x000000000000031d        0x1 BYTE 0x58
                0x000000000000031e        0x1 BYTE 0x5f
                0x000000000000031f        0x1 BYTE 0x53
                0x0000000000000320        0x1 BYTE 0x79
                0x0000000000000321        0x1 BYTE 0x73
                0x0000000000000322        0x1 BYTE 0x74
                0x0000000000000323        0x1 BYTE 0x65
                0x0000000000000324        0x1 BYTE 0x6d
                0x0000000000000325        0x1 BYTE 0x5f
                0x0000000000000326        0x1 BYTE 0x41
                0x0000000000000327        0x1 BYTE 0x6e
                0x0000000000000328        0x1 BYTE 0x61
                0x0000000000000329        0x1 BYTE 0x6c
                0x000000000000032a        0x1 BYTE 0x79
                0x000000000000032b        0x1 BYTE 0x73
                0x000000000000032c        0x1 BYTE 0x69
                0x000000000000032d        0x1 BYTE 0x73
                0x000000000000032e        0x1 BYTE 0x5f
                0x000000000000032f        0x1 BYTE 0x52
                0x0000000000000330        0x1 BYTE 0x65
                0x0000000000000331        0x1 BYTE 0x73
                0x0000000000000332        0x1 BYTE 0x75
                0x0000000000000333        0x1 BYTE 0x6c
                0x0000000000000334        0x1 BYTE 0x74
                0x0000000000000335        0x1 BYTE 0x73
                0x0000000000000336        0x1 BYTE 0x5f
                0x0000000000000337        0x1 BYTE 0x4d
                0x0000000000000338        0x1 BYTE 0x65
                0x0000000000000339        0x1 BYTE 0x6d
                0x000000000000033a        0x1 BYTE 0x6f
                0x000000000000033b        0x1 BYTE 0x72
                0x000000000000033c        0x1 BYTE 0x79
                0x000000000000033d        0x1 BYTE 0x5f
                0x000000000000033e        0x1 BYTE 0x52
                0x000000000000033f        0x1 BYTE 0x65
                0x0000000000000340        0x1 BYTE 0x73
                0x0000000000000341        0x1 BYTE 0x65
                0x0000000000000342        0x1 BYTE 0x72
                0x0000000000000343        0x1 BYTE 0x76
                0x0000000000000344        0x1 BYTE 0x65
                0x0000000000000345        0x1 BYTE 0x64
                0x0000000000000346        0x1 BYTE 0x0
                0x0000000000000347        0x4 LONG 0xffffffffffffffff
                0x000000000000034b        0x4 LONG 0x4000
                0x000000000000034f        0x4 LONG 0x1
                0x0000000000000353        0x1 BYTE 0x1
                0x0000000000000354        0x2 SHORT 0x18
                0x0000000000000356        0x1 BYTE 0x57
                0x0000000000000357        0x1 BYTE 0x4f
                0x0000000000000358        0x1 BYTE 0x4c
                0x0000000000000359        0x1 BYTE 0x41
                0x000000000000035a        0x1 BYTE 0x5f
                0x000000000000035b        0x1 BYTE 0x41
                0x000000000000035c        0x1 BYTE 0x5f
                0x000000000000035d        0x1 BYTE 0x45
                0x000000000000035e        0x1 BYTE 0x6e
                0x000000000000035f        0x1 BYTE 0x65
                0x0000000000000360        0x1 BYTE 0x72
                0x0000000000000361        0x1 BYTE 0x67
                0x0000000000000362        0x1 BYTE 0x79
                0x0000000000000363        0x1 BYTE 0x5f
                0x0000000000000364        0x1 BYTE 0x69
                0x0000000000000365        0x1 BYTE 0x6e
                0x0000000000000366        0x1 BYTE 0x70
                0x0000000000000367        0x1 BYTE 0x75
                0x0000000000000368        0x1 BYTE 0x74
                0x0000000000000369        0x1 BYTE 0x5f
                0x000000000000036a        0x1 BYTE 0x61
                0x000000000000036b        0x1 BYTE 0x64
                0x000000000000036c        0x1 BYTE 0x64
                0x000000000000036d        0x1 BYTE 0x72
                0x000000000000036e        0x1 BYTE 0x0
                0x000000000000036f        0x4 LONG 0xffffffffffffffff
                0x0000000000000373        0x4 LONG 0xbf98
                0x0000000000000377        0x4 LONG 0x1
                0x000000000000037b        0x1 BYTE 0x1
                0x000000000000037c        0x2 SHORT 0x18
                0x000000000000037e        0x1 BYTE 0x59
                0x000000000000037f        0x1 BYTE 0x5f
                0x0000000000000380        0x1 BYTE 0x53
                0x0000000000000381        0x1 BYTE 0x79
                0x0000000000000382        0x1 BYTE 0x73
                0x0000000000000383        0x1 BYTE 0x74
                0x0000000000000384        0x1 BYTE 0x65
                0x0000000000000385        0x1 BYTE 0x6d
                0x0000000000000386        0x1 BYTE 0x5f
                0x0000000000000387        0x1 BYTE 0x54
                0x0000000000000388        0x1 BYTE 0x43
                0x0000000000000389        0x1 BYTE 0x5f
                0x000000000000038a        0x1 BYTE 0x44
                0x000000000000038b        0x1 BYTE 0x61
                0x000000000000038c        0x1 BYTE 0x74
                0x000000000000038d        0x1 BYTE 0x61
                0x000000000000038e        0x1 BYTE 0x5f
                0x000000000000038f        0x1 BYTE 0x4d
                0x0000000000000390        0x1 BYTE 0x65
                0x0000000000000391        0x1 BYTE 0x6d
                0x0000000000000392        0x1 BYTE 0x6f
                0x0000000000000393        0x1 BYTE 0x72
                0x0000000000000394        0x1 BYTE 0x79
                0x0000000000000395        0x1 BYTE 0x5f
                0x0000000000000396        0x1 BYTE 0x52
                0x0000000000000397        0x1 BYTE 0x65
                0x0000000000000398        0x1 BYTE 0x73
                0x0000000000000399        0x1 BYTE 0x65
                0x000000000000039a        0x1 BYTE 0x72
                0x000000000000039b        0x1 BYTE 0x76
                0x000000000000039c        0x1 BYTE 0x65
                0x000000000000039d        0x1 BYTE 0x64
                0x000000000000039e        0x1 BYTE 0x0
                0x000000000000039f        0x4 LONG 0xffffffffffffffff
                0x00000000000003a3        0x4 LONG 0x400
                0x00000000000003a7        0x4 LONG 0x1
                0x00000000000003ab        0x1 BYTE 0x2
                0x00000000000003ac        0x2 SHORT 0x18
                0x00000000000003ae        0x1 BYTE 0x4d
                0x00000000000003af        0x1 BYTE 0x49
                0x00000000000003b0        0x1 BYTE 0x43
                0x00000000000003b1        0x1 BYTE 0x52
                0x00000000000003b2        0x1 BYTE 0x4f
                0x00000000000003b3        0x1 BYTE 0x43
                0x00000000000003b4        0x1 BYTE 0x4f
                0x00000000000003b5        0x1 BYTE 0x44
                0x00000000000003b6        0x1 BYTE 0x45
                0x00000000000003b7        0x1 BYTE 0x31
                0x00000000000003b8        0x1 BYTE 0x0
                0x00000000000003b9        0x4 LONG 0xffffffffffffffff
                0x00000000000003bd        0x4 LONG 0xe004
                0x00000000000003c1        0x4 LONG 0x1
                0x00000000000003c5        0x1 BYTE 0x0
                0x00000000000003c6        0x2 SHORT 0x20
                0x00000000000003c8        0x1 BYTE 0x58
                0x00000000000003c9        0x1 BYTE 0x5f
                0x00000000000003ca        0x1 BYTE 0x46
                0x00000000000003cb        0x1 BYTE 0x46
                0x00000000000003cc        0x1 BYTE 0x54
                0x00000000000003cd        0x1 BYTE 0x5f
                0x00000000000003ce        0x1 BYTE 0x4d
                0x00000000000003cf        0x1 BYTE 0x45
                0x00000000000003d0        0x1 BYTE 0x52
                0x00000000000003d1        0x1 BYTE 0x47
                0x00000000000003d2        0x1 BYTE 0x59
                0x00000000000003d3        0x1 BYTE 0x5f
                0x00000000000003d4        0x1 BYTE 0x52
                0x00000000000003d5        0x1 BYTE 0x65
                0x00000000000003d6        0x1 BYTE 0x73
                0x00000000000003d7        0x1 BYTE 0x65
                0x00000000000003d8        0x1 BYTE 0x72
                0x00000000000003d9        0x1 BYTE 0x76
                0x00000000000003da        0x1 BYTE 0x65
                0x00000000000003db        0x1 BYTE 0x64
                0x00000000000003dc        0x1 BYTE 0x0
                0x00000000000003dd        0x4 LONG 0xffffffffffffffff
                0x00000000000003e1        0x4 LONG 0x600
                0x00000000000003e5        0x4 LONG 0x1
                0x00000000000003e9        0x1 BYTE 0x1
                0x00000000000003ea        0x2 SHORT 0x18
                0x00000000000003ec        0x1 BYTE 0x63
                0x00000000000003ed        0x1 BYTE 0x6d
                0x00000000000003ee        0x1 BYTE 0x33
                0x00000000000003ef        0x1 BYTE 0x5f
                0x00000000000003f0        0x1 BYTE 0x70
                0x00000000000003f1        0x1 BYTE 0x72
                0x00000000000003f2        0x1 BYTE 0x6f
                0x00000000000003f3        0x1 BYTE 0x67
                0x00000000000003f4        0x1 BYTE 0x5f
                0x00000000000003f5        0x1 BYTE 0x30
                0x00000000000003f6        0x1 BYTE 0x78
                0x00000000000003f7        0x1 BYTE 0x30
                0x00000000000003f8        0x1 BYTE 0x30
                0x00000000000003f9        0x1 BYTE 0x30
                0x00000000000003fa        0x1 BYTE 0x30
                0x00000000000003fb        0x1 BYTE 0x31
                0x00000000000003fc        0x1 BYTE 0x37
                0x00000000000003fd        0x1 BYTE 0x35
                0x00000000000003fe        0x1 BYTE 0x43
                0x00000000000003ff        0x1 BYTE 0x0
                0x0000000000000400        0x4 LONG 0xffffffffffffffff
                0x0000000000000404        0x4 LONG 0x55d7
                0x0000000000000408        0x4 LONG 0x1
                0x000000000000040c        0x1 BYTE 0x0
                0x000000000000040d        0x2 SHORT 0x20
                0x000000000000040f        0x1 BYTE 0x69
                0x0000000000000410        0x1 BYTE 0x6e
                0x0000000000000411        0x1 BYTE 0x69
                0x0000000000000412        0x1 BYTE 0x74
                0x0000000000000413        0x1 BYTE 0x5f
                0x0000000000000414        0x1 BYTE 0x73
                0x0000000000000415        0x1 BYTE 0x65
                0x0000000000000416        0x1 BYTE 0x67
                0x0000000000000417        0x1 BYTE 0x0
                0x0000000000000418        0x4 LONG 0xffffffffffffffff
                0x000000000000041c        0x4 LONG 0xffffffffffffffff
                0x0000000000000420        0x4 LONG 0x1
                0x0000000000000424        0x1 BYTE 0x0
                0x0000000000000425        0x2 SHORT 0x20
                0x0000000000000427        0x1 BYTE 0x58
                0x0000000000000428        0x1 BYTE 0x5f
                0x0000000000000429        0x1 BYTE 0x53
                0x000000000000042a        0x1 BYTE 0x79
                0x000000000000042b        0x1 BYTE 0x73
                0x000000000000042c        0x1 BYTE 0x74
                0x000000000000042d        0x1 BYTE 0x65
                0x000000000000042e        0x1 BYTE 0x6d
                0x000000000000042f        0x1 BYTE 0x5f
                0x0000000000000430        0x1 BYTE 0x53
                0x0000000000000431        0x1 BYTE 0x74
                0x0000000000000432        0x1 BYTE 0x61
                0x0000000000000433        0x1 BYTE 0x63
                0x0000000000000434        0x1 BYTE 0x6b
                0x0000000000000435        0x1 BYTE 0x5f
                0x0000000000000436        0x1 BYTE 0x4d
                0x0000000000000437        0x1 BYTE 0x65
                0x0000000000000438        0x1 BYTE 0x6d
                0x0000000000000439        0x1 BYTE 0x6f
                0x000000000000043a        0x1 BYTE 0x72
                0x000000000000043b        0x1 BYTE 0x79
                0x000000000000043c        0x1 BYTE 0x5f
                0x000000000000043d        0x1 BYTE 0x52
                0x000000000000043e        0x1 BYTE 0x65
                0x000000000000043f        0x1 BYTE 0x73
                0x0000000000000440        0x1 BYTE 0x65
                0x0000000000000441        0x1 BYTE 0x72
                0x0000000000000442        0x1 BYTE 0x76
                0x0000000000000443        0x1 BYTE 0x65
                0x0000000000000444        0x1 BYTE 0x64
                0x0000000000000445        0x1 BYTE 0x0
                0x0000000000000446        0x4 LONG 0xffffffffffffffff
                0x000000000000044a        0x4 LONG 0x2f80
                0x000000000000044e        0x4 LONG 0x1
                0x0000000000000452        0x1 BYTE 0x1
                0x0000000000000453        0x2 SHORT 0x18
                0x0000000000000455        0x1 BYTE 0x50
                0x0000000000000456        0x1 BYTE 0x5f
                0x0000000000000457        0x1 BYTE 0x50
                0x0000000000000458        0x1 BYTE 0x43
                0x0000000000000459        0x1 BYTE 0x4d
                0x000000000000045a        0x1 BYTE 0x5f
                0x000000000000045b        0x1 BYTE 0x49
                0x000000000000045c        0x1 BYTE 0x4e
                0x000000000000045d        0x1 BYTE 0x50
                0x000000000000045e        0x1 BYTE 0x55
                0x000000000000045f        0x1 BYTE 0x54
                0x0000000000000460        0x1 BYTE 0x5f
                0x0000000000000461        0x1 BYTE 0x52
                0x0000000000000462        0x1 BYTE 0x65
                0x0000000000000463        0x1 BYTE 0x73
                0x0000000000000464        0x1 BYTE 0x65
                0x0000000000000465        0x1 BYTE 0x72
                0x0000000000000466        0x1 BYTE 0x76
                0x0000000000000467        0x1 BYTE 0x65
                0x0000000000000468        0x1 BYTE 0x64
                0x0000000000000469        0x1 BYTE 0x0
                0x000000000000046a        0x4 LONG 0xffffffffffffffff
                0x000000000000046e        0x4 LONG 0x4dff
                0x0000000000000472        0x4 LONG 0x1
                0x0000000000000476        0x1 BYTE 0x0
                0x0000000000000477        0x2 SHORT 0x20
                0x0000000000000479        0x1 BYTE 0x57
                0x000000000000047a        0x1 BYTE 0x4f
                0x000000000000047b        0x1 BYTE 0x4c
                0x000000000000047c        0x1 BYTE 0x41
                0x000000000000047d        0x1 BYTE 0x5f
                0x000000000000047e        0x1 BYTE 0x41
                0x000000000000047f        0x1 BYTE 0x5f
                0x0000000000000480        0x1 BYTE 0x41
                0x0000000000000481        0x1 BYTE 0x6e
                0x0000000000000482        0x1 BYTE 0x61
                0x0000000000000483        0x1 BYTE 0x6c
                0x0000000000000484        0x1 BYTE 0x79
                0x0000000000000485        0x1 BYTE 0x73
                0x0000000000000486        0x1 BYTE 0x69
                0x0000000000000487        0x1 BYTE 0x73
                0x0000000000000488        0x1 BYTE 0x5f
                0x0000000000000489        0x1 BYTE 0x69
                0x000000000000048a        0x1 BYTE 0x5f
                0x000000000000048b        0x1 BYTE 0x73
                0x000000000000048c        0x1 BYTE 0x68
                0x000000000000048d        0x1 BYTE 0x69
                0x000000000000048e        0x1 BYTE 0x66
                0x000000000000048f        0x1 BYTE 0x74
                0x0000000000000490        0x1 BYTE 0x0
                0x0000000000000491        0x4 LONG 0xffffffffffffffff
                0x0000000000000495        0x4 LONG 0xbf62
                0x0000000000000499        0x4 LONG 0x1
                0x000000000000049d        0x1 BYTE 0x1
                0x000000000000049e        0x2 SHORT 0x18
                0x00000000000004a0        0x1 BYTE 0x69
                0x00000000000004a1        0x1 BYTE 0x73
                0x00000000000004a2        0x1 BYTE 0x72
                0x00000000000004a3        0x1 BYTE 0x5f
                0x00000000000004a4        0x1 BYTE 0x73
                0x00000000000004a5        0x1 BYTE 0x65
                0x00000000000004a6        0x1 BYTE 0x67
                0x00000000000004a7        0x1 BYTE 0x0
                0x00000000000004a8        0x4 LONG 0xffffffffffffffff
                0x00000000000004ac        0x4 LONG 0xffffffffffffffff
                0x00000000000004b0        0x4 LONG 0x1
                0x00000000000004b4        0x1 BYTE 0x0
                0x00000000000004b5        0x2 SHORT 0x20
                0x00000000000004b7        0x1 BYTE 0x63
                0x00000000000004b8        0x1 BYTE 0x6d
                0x00000000000004b9        0x1 BYTE 0x33
                0x00000000000004ba        0x1 BYTE 0x5f
                0x00000000000004bb        0x1 BYTE 0x64
                0x00000000000004bc        0x1 BYTE 0x61
                0x00000000000004bd        0x1 BYTE 0x74
                0x00000000000004be        0x1 BYTE 0x61
                0x00000000000004bf        0x1 BYTE 0x5f
                0x00000000000004c0        0x1 BYTE 0x30
                0x00000000000004c1        0x1 BYTE 0x78
                0x00000000000004c2        0x1 BYTE 0x32
                0x00000000000004c3        0x1 BYTE 0x30
                0x00000000000004c4        0x1 BYTE 0x30
                0x00000000000004c5        0x1 BYTE 0x30
                0x00000000000004c6        0x1 BYTE 0x30
                0x00000000000004c7        0x1 BYTE 0x30
                0x00000000000004c8        0x1 BYTE 0x30
                0x00000000000004c9        0x1 BYTE 0x30
                0x00000000000004ca        0x1 BYTE 0x0
                0x00000000000004cb        0x4 LONG 0xffffffffffffffff
                0x00000000000004cf        0x4 LONG 0x4000
                0x00000000000004d3        0x4 LONG 0x1
                0x00000000000004d7        0x1 BYTE 0x0
                0x00000000000004d8        0x2 SHORT 0x20
                0x00000000000004da        0x1 BYTE 0x58
                0x00000000000004db        0x1 BYTE 0x59
                0x00000000000004dc        0x1 BYTE 0x5f
                0x00000000000004dd        0x1 BYTE 0x53
                0x00000000000004de        0x1 BYTE 0x79
                0x00000000000004df        0x1 BYTE 0x73
                0x00000000000004e0        0x1 BYTE 0x74
                0x00000000000004e1        0x1 BYTE 0x65
                0x00000000000004e2        0x1 BYTE 0x6d
                0x00000000000004e3        0x1 BYTE 0x5f
                0x00000000000004e4        0x1 BYTE 0x4d
                0x00000000000004e5        0x1 BYTE 0x65
                0x00000000000004e6        0x1 BYTE 0x6d
                0x00000000000004e7        0x1 BYTE 0x6f
                0x00000000000004e8        0x1 BYTE 0x72
                0x00000000000004e9        0x1 BYTE 0x79
                0x00000000000004ea        0x1 BYTE 0x5f
                0x00000000000004eb        0x1 BYTE 0x52
                0x00000000000004ec        0x1 BYTE 0x65
                0x00000000000004ed        0x1 BYTE 0x73
                0x00000000000004ee        0x1 BYTE 0x65
                0x00000000000004ef        0x1 BYTE 0x72
                0x00000000000004f0        0x1 BYTE 0x76
                0x00000000000004f1        0x1 BYTE 0x65
                0x00000000000004f2        0x1 BYTE 0x64
                0x00000000000004f3        0x1 BYTE 0x0
                0x00000000000004f4        0x4 LONG 0xffffffffffffffff
                0x00000000000004f8        0x4 LONG 0xffffffffffffffff
                0x00000000000004fc        0x4 LONG 0x1
                0x0000000000000500        0x1 BYTE 0x3
                0x0000000000000501        0x2 SHORT 0x30
                0x0000000000000503        0x1 BYTE 0x58
                0x0000000000000504        0x1 BYTE 0x5f
                0x0000000000000505        0x1 BYTE 0x45
                0x0000000000000506        0x1 BYTE 0x4e
                0x0000000000000507        0x1 BYTE 0x45
                0x0000000000000508        0x1 BYTE 0x52
                0x0000000000000509        0x1 BYTE 0x47
                0x000000000000050a        0x1 BYTE 0x59
                0x000000000000050b        0x1 BYTE 0x5f
                0x000000000000050c        0x1 BYTE 0x53
                0x000000000000050d        0x1 BYTE 0x4f
                0x000000000000050e        0x1 BYTE 0x52
                0x000000000000050f        0x1 BYTE 0x54
                0x0000000000000510        0x1 BYTE 0x49
                0x0000000000000511        0x1 BYTE 0x4e
                0x0000000000000512        0x1 BYTE 0x47
                0x0000000000000513        0x1 BYTE 0x5f
                0x0000000000000514        0x1 BYTE 0x45
                0x0000000000000515        0x1 BYTE 0x4c
                0x0000000000000516        0x1 BYTE 0x5f
                0x0000000000000517        0x1 BYTE 0x52
                0x0000000000000518        0x1 BYTE 0x65
                0x0000000000000519        0x1 BYTE 0x73
                0x000000000000051a        0x1 BYTE 0x65
                0x000000000000051b        0x1 BYTE 0x72
                0x000000000000051c        0x1 BYTE 0x76
                0x000000000000051d        0x1 BYTE 0x65
                0x000000000000051e        0x1 BYTE 0x64
                0x000000000000051f        0x1 BYTE 0x0
                0x0000000000000520        0x4 LONG 0xffffffffffffffff
                0x0000000000000524        0x4 LONG 0x640
                0x0000000000000528        0x4 LONG 0x1
                0x000000000000052c        0x1 BYTE 0x1
                0x000000000000052d        0x2 SHORT 0x18
                0x000000000000052f        0x1 BYTE 0x50
                0x0000000000000530        0x1 BYTE 0x5f
                0x0000000000000531        0x1 BYTE 0x50
                0x0000000000000532        0x1 BYTE 0x43
                0x0000000000000533        0x1 BYTE 0x4d
                0x0000000000000534        0x1 BYTE 0x5f
                0x0000000000000535        0x1 BYTE 0x52
                0x0000000000000536        0x1 BYTE 0x45
                0x0000000000000537        0x1 BYTE 0x54
                0x0000000000000538        0x1 BYTE 0x5f
                0x0000000000000539        0x1 BYTE 0x52
                0x000000000000053a        0x1 BYTE 0x65
                0x000000000000053b        0x1 BYTE 0x73
                0x000000000000053c        0x1 BYTE 0x65
                0x000000000000053d        0x1 BYTE 0x72
                0x000000000000053e        0x1 BYTE 0x76
                0x000000000000053f        0x1 BYTE 0x65
                0x0000000000000540        0x1 BYTE 0x64
                0x0000000000000541        0x1 BYTE 0x0
                0x0000000000000542        0x4 LONG 0xffffffffffffffff
                0x0000000000000546        0x4 LONG 0x4cfe
                0x000000000000054a        0x4 LONG 0x1
                0x000000000000054e        0x1 BYTE 0x0
                0x000000000000054f        0x2 SHORT 0x20
                0x0000000000000551        0x1 BYTE 0x73
                0x0000000000000552        0x1 BYTE 0x65
                0x0000000000000553        0x1 BYTE 0x67
                0x0000000000000554        0x1 BYTE 0x45
                0x0000000000000555        0x1 BYTE 0x45
                0x0000000000000556        0x1 BYTE 0x4c
                0x0000000000000557        0x1 BYTE 0x49
                0x0000000000000558        0x1 BYTE 0x42
                0x0000000000000559        0x1 BYTE 0x0
                0x000000000000055a        0x4 LONG 0xffffffffffffffff
                0x000000000000055e        0x4 LONG 0xffffffffffffffff
                0x0000000000000562        0x4 LONG 0x1
                0x0000000000000566        0x1 BYTE 0x0
                0x0000000000000567        0x2 SHORT 0x20
                0x0000000000000569        0x1 BYTE 0x57
                0x000000000000056a        0x1 BYTE 0x4f
                0x000000000000056b        0x1 BYTE 0x4c
                0x000000000000056c        0x1 BYTE 0x41
                0x000000000000056d        0x1 BYTE 0x5f
                0x000000000000056e        0x1 BYTE 0x41
                0x000000000000056f        0x1 BYTE 0x5f
                0x0000000000000570        0x1 BYTE 0x45
                0x0000000000000571        0x1 BYTE 0x6e
                0x0000000000000572        0x1 BYTE 0x65
                0x0000000000000573        0x1 BYTE 0x72
                0x0000000000000574        0x1 BYTE 0x67
                0x0000000000000575        0x1 BYTE 0x79
                0x0000000000000576        0x1 BYTE 0x5f
                0x0000000000000577        0x1 BYTE 0x6f
                0x0000000000000578        0x1 BYTE 0x75
                0x0000000000000579        0x1 BYTE 0x74
                0x000000000000057a        0x1 BYTE 0x70
                0x000000000000057b        0x1 BYTE 0x75
                0x000000000000057c        0x1 BYTE 0x74
                0x000000000000057d        0x1 BYTE 0x5f
                0x000000000000057e        0x1 BYTE 0x61
                0x000000000000057f        0x1 BYTE 0x64
                0x0000000000000580        0x1 BYTE 0x64
                0x0000000000000581        0x1 BYTE 0x72
                0x0000000000000582        0x1 BYTE 0x0
                0x0000000000000583        0x4 LONG 0xffffffffffffffff
                0x0000000000000587        0x4 LONG 0xbf99
                0x000000000000058b        0x4 LONG 0x1
                0x000000000000058f        0x1 BYTE 0x1
                0x0000000000000590        0x2 SHORT 0x18

/DISCARD/
 *(.cfasm_segments)
                0x0000000002000203                orc_resolve_27f440aeea4f2eb6_1 = (Y_MAP_DATA + 0x3)
LOAD ./app.o
LOAD ./app_init.o
LOAD ./app_isr.o
LOAD ./app_memory.o
LOAD ./microcode.o
LOAD CM3.o
START GROUP
LOAD C:\PROGRA~2\ONSEMI~1\EZAIRO~1/lib/cfx\sk4_eeprom.a
LOAD C:\PROGRA~2\ONSEMI~1\EZAIRO~1/lib/cfx\sk4_sys.a
LOAD C:\PROGRA~2\ONSEMI~1\EZAIRO~1/lib/cfx\sk4_math.a
END GROUP
OUTPUT(NS3P_V0.2.2rui_0608.cfe elf32-cfx)

.text           0x00000000000083ac        0x0 load address 0x0000000000000592
 .text          0x00000000000083ac        0x0 ./app.o
 .text          0x00000000000083ac        0x0 ./app_init.o
 .text          0x00000000000083ac        0x0 ./app_isr.o
 .text          0x00000000000083ac        0x0 ./app_memory.o
 .text          0x00000000000083ac        0x0 ./microcode.o
 .text          0x00000000000083ac        0x0 CM3.o
 .text          0x00000000000083ac        0x0 C:\PROGRA~2\ONSEMI~1\EZAIRO~1/lib/cfx\sk4_sys.a(sk4_syslib.o)

.data           0x00000000000083ac        0x0 load address 0x0000000000000592
 .data          0x00000000000083ac        0x0 ./app.o
 .data          0x00000000000083ac        0x0 ./app_init.o
 .data          0x00000000000083ac        0x0 ./app_isr.o
 .data          0x00000000000083ac        0x0 ./app_memory.o
 .data          0x00000000000083ac        0x0 ./microcode.o
 .data          0x00000000000083ac        0x0 CM3.o
 .data          0x00000000000083ac        0x0 C:\PROGRA~2\ONSEMI~1\EZAIRO~1/lib/cfx\sk4_sys.a(sk4_syslib.o)

.bss            0x00000000000083ac        0x0 load address 0x0000000000000592
 .bss           0x00000000000083ac        0x0 ./app.o
 .bss           0x00000000000083ac        0x0 ./app_init.o
 .bss           0x00000000000083ac        0x0 ./app_isr.o
 .bss           0x00000000000083ac        0x0 ./app_memory.o
 .bss           0x00000000000083ac        0x0 ./microcode.o
 .bss           0x00000000000083ac        0x0 CM3.o
 .bss           0x00000000000083ac        0x0 C:\PROGRA~2\ONSEMI~1\EZAIRO~1/lib/cfx\sk4_sys.a(sk4_syslib.o)

.debug_line     0x0000000000000000    0x213fb
 .debug_line    0x0000000000000000     0x6187 ./app.o
 .debug_line    0x0000000000006187     0x59c9 ./app_init.o
 .debug_line    0x000000000000bb50     0x5214 ./app_isr.o
 .debug_line    0x0000000000010d64     0x5beb ./app_memory.o
 .debug_line    0x000000000001694f      0x335 ./microcode.o
 .debug_line    0x0000000000016c84     0x555e CM3.o
 .debug_line    0x000000000001c1e2     0x5219 C:\PROGRA~2\ONSEMI~1\EZAIRO~1/lib/cfx\sk4_sys.a(sk4_syslib.o)

.debug_info     0x0000000000000000      0x30f
 .debug_info    0x0000000000000000       0x66 ./app.o
 .debug_info    0x0000000000000066       0x6b ./app_init.o
 .debug_info    0x00000000000000d1       0x6a ./app_isr.o
 .debug_info    0x000000000000013b       0x6d ./app_memory.o
 .debug_info    0x00000000000001a8       0x94 ./microcode.o
 .debug_info    0x000000000000023c       0x66 CM3.o
 .debug_info    0x00000000000002a2       0x6d C:\PROGRA~2\ONSEMI~1\EZAIRO~1/lib/cfx\sk4_sys.a(sk4_syslib.o)

.debug_abbrev   0x0000000000000000       0x7e
 .debug_abbrev  0x0000000000000000       0x12 ./app.o
 .debug_abbrev  0x0000000000000012       0x12 ./app_init.o
 .debug_abbrev  0x0000000000000024       0x12 ./app_isr.o
 .debug_abbrev  0x0000000000000036       0x12 ./app_memory.o
 .debug_abbrev  0x0000000000000048       0x12 ./microcode.o
 .debug_abbrev  0x000000000000005a       0x12 CM3.o
 .debug_abbrev  0x000000000000006c       0x12 C:\PROGRA~2\ONSEMI~1\EZAIRO~1/lib/cfx\sk4_sys.a(sk4_syslib.o)

.debug_aranges  0x0000000000000000      0x208
 .debug_aranges
                0x0000000000000000       0x28 ./app.o
 .debug_aranges
                0x0000000000000028       0x28 ./app_init.o
 .debug_aranges
                0x0000000000000050       0x30 ./app_isr.o
 .debug_aranges
                0x0000000000000080       0xa0 ./app_memory.o
 .debug_aranges
                0x0000000000000120       0x88 ./microcode.o
 .debug_aranges
                0x00000000000001a8       0x38 CM3.o
 .debug_aranges
                0x00000000000001e0       0x28 C:\PROGRA~2\ONSEMI~1\EZAIRO~1/lib/cfx\sk4_sys.a(sk4_syslib.o)

.debug_ranges   0x0000000000000000      0x1d0
 .debug_ranges  0x0000000000000000       0x20 ./app.o
 .debug_ranges  0x0000000000000020       0x20 ./app_init.o
 .debug_ranges  0x0000000000000040       0x28 ./app_isr.o
 .debug_ranges  0x0000000000000068       0x98 ./app_memory.o
 .debug_ranges  0x0000000000000100       0x80 ./microcode.o
 .debug_ranges  0x0000000000000180       0x30 CM3.o
 .debug_ranges  0x00000000000001b0       0x20 C:\PROGRA~2\ONSEMI~1\EZAIRO~1/lib/cfx\sk4_sys.a(sk4_syslib.o)
