Archive member included because of file (symbol)

C:\PROGRA~2\ONSEMI~1\EZAIRO~1/lib/cfx\sk4_sys.a(sk4_syslib.o)
                              ./app.o (SYSLIB_Delay)

Discarded input sections

 .cfasm_segments
                0x0000000000000000       0x6b ./CM3.o
 .cfasm_segments
                0x0000000000000000       0x16 ./app.o
 .cfasm_segments
                0x0000000000000000       0x1a ./app_init.o
 .cfasm_segments
                0x0000000000000000       0x35 ./app_isr.o
 .cfasm_segments
                0x0000000000000000      0x120 ./app_memory.o
 .cfasm_segments
                0x0000000000000000       0x1c C:\PROGRA~2\ONSEMI~1\EZAIRO~1/lib/cfx\sk4_sys.a(sk4_syslib.o)

Memory Configuration

Name             Origin             Length             Attributes
mem0_8000_dbff   0x0000000000008000 0x0000000000005c00 xrw
mem0_dfe0_dfff   0x000000000000dfe0 0x0000000000000020 xrw
mem0_e000_efff   0x000000000000e000 0x0000000000001000 xrw
mem0_f300_f312   0x000000000000f300 0x0000000000000013 xrw
mem0_f800_f8bf   0x000000000000f800 0x00000000000000c0 xrw
mem0_f900_f9ff   0x000000000000f900 0x0000000000000100 xrw
mem0_4000_4fff   0x0000000000004000 0x0000000000001000 xrw
mem0_5000_7fff   0x0000000000005000 0x0000000000003000 xrw
mem1_0120_2fff   0x0000000001000120 0x0000000000002ee0 w
mem1_4000_67ff   0x0000000001004000 0x0000000000002800 w
mem1_8000_ffff   0x0000000001008000 0x0000000000008000 w
mem2_0120_0fff   0x0000000002000120 0x0000000000000ee0 w
mem2_c000_ffff   0x000000000200c000 0x0000000000004000 w
mem3_0020_011f   0x0000000003000020 0x0000000000000100 w
*default*        0x0000000000000000 0xffffffffffffffff

Linker script and memory map


.main           0x0000000000008000     0x10a0
 *(.main)
 .main          0x0000000000008000      0x214 ./app.o
                0x0000000000008000                main

.segEELIB
 *(.segEELIB)

.seg_syslib     0x0000000000008214      0x3b8
 *(.seg_syslib)
 .seg_syslib    0x0000000000008214       0x77 C:\PROGRA~2\ONSEMI~1\EZAIRO~1/lib/cfx\sk4_sys.a(sk4_syslib.o)
                0x0000000000008214                SYSLIB_Reset
                0x0000000000008217                SYSLIB_Delay
                0x0000000000008228                SYSLIB_DelayBase
                0x0000000000008233                SYSLIB_WaitForSPIDone
                0x0000000000008239                SYSLIB_SetOperatingFrequency
                0x0000000000008246                SYSLIB_SetOperatingFrequency_Throttle
                0x0000000000008259                SYSLIB_SoftPowerdownEnable
                0x000000000000825f                SYSLIB_SoftPowerdownDisable
                0x0000000000008267                SYSLIB_CalibrateADC

.init_seg       0x000000000000828b      0x2d8
 *(.init_seg)
 .init_seg      0x000000000000828b       0x5b ./app_init.o
                0x000000000000828b                Initialize

.segMATHLIB
 *(.segMATHLIB)

.isr_seg        0x00000000000082e6       0x48
 *(.isr_seg)
 .isr_seg       0x00000000000082e6        0x9 ./app_isr.o

.int_vect_seg   0x000000000000dfe0      0x100
 *(.int_vect_seg)
 .int_vect_seg  0x000000000000dfe0       0x20 ./app_isr.o

.cm3_data_0x20000000
                0x0000000000004000       0x30
 *(.cm3_data_0x20000000)
 .cm3_data_0x20000000
                0x0000000000004000        0x6 ./CM3.o

.P_PCM_RET_Reserved
                0x0000000000004dfd       0x10
 *(.P_PCM_RET_Reserved)
 .P_PCM_RET_Reserved
                0x0000000000004dfd        0x2 ./app_memory.o
                0x0000000000004dfd                P_PCM_RET

.P_PCM_INPUT_Reserved
                0x0000000000004dff      0x7f8
 *(.P_PCM_INPUT_Reserved)
 .P_PCM_INPUT_Reserved
                0x0000000000004dff       0xff ./app_memory.o
                0x0000000000004dff                P_PCM_INPUT

.cm3_prog_0x00000000
                0x0000000000005000     0x2a10
 *(.cm3_prog_0x00000000)
 .cm3_prog_0x00000000
                0x0000000000005000      0x542 ./CM3.o

.cm3_prog_0x00001508
                0x0000000000005542      0x110
 *(.cm3_prog_0x00001508)
 .cm3_prog_0x00001508
                0x0000000000005542       0x22 ./CM3.o

.X_System_Memory_Reserved
                0x0000000001000120       0x18
 *(.X_System_Memory_Reserved)
 .X_System_Memory_Reserved
                0x0000000001000120        0x3 ./app_memory.o
                0x0000000001000120                X_CM3_0_DONE
                0x0000000001000121                X_CM3_1_DONE
                0x0000000001000122                X_CMD_CNT

.X_System_PCM_Data_Memory_Reserved
                0x0000000001002f70       0x80
 *(.X_System_PCM_Data_Memory_Reserved)
 .X_System_PCM_Data_Memory_Reserved
                0x0000000001002f70       0x10 ./app_memory.o
                0x0000000001002f70                X_PCM_DATA

.X_System_Stack_Memory_Reserved
                0x0000000001002f80      0x400
 *(.X_System_Stack_Memory_Reserved)
 .X_System_Stack_Memory_Reserved
                0x0000000001002f80       0x80 ./app_memory.o
                0x0000000001002f80                X_STACK_BOTTOM
                0x0000000001003000                PROVIDE (__stack, .)

.Y_System_Memory_Reserved
                0x0000000002000120        0x0
 *(.Y_System_Memory_Reserved)
 .Y_System_Memory_Reserved
                0x0000000002000120        0x0 ./app_memory.o

.XY_System_Memory_Reserved
                0x0000000003000020        0x0
 *(.XY_System_Memory_Reserved)
 .XY_System_Memory_Reserved
                0x0000000003000020        0x0 ./app_memory.o

.cfasm_mem0_bss_ranges
 *(.cfasm_mem0_bss_ranges)
                0x0000000000000000                __cfasm_mem0_bss_ranges_start = 0x0
                0x0000000000000000                __cfasm_mem0_bss_ranges_end = 0x0

.cfasm_mem1_bss_ranges
                0x0000000000000000       0x10
 *(.cfasm_mem1_bss_ranges)
 .cfasm_mem1_bss_ranges
                0x0000000000000000        0x2 ./app_memory.o
                0x0000000000000000                __cfasm_mem1_bss_ranges_start = 0x0
                0x0000000000000000                __cfasm_mem1_bss_ranges_end = 0x0

.cfasm_mem2_bss_ranges
 *(.cfasm_mem2_bss_ranges)
                0x0000000000000000                __cfasm_mem2_bss_ranges_start = 0x0
                0x0000000000000000                __cfasm_mem2_bss_ranges_end = 0x0

.cfasm_mem3_bss_ranges
 *(.cfasm_mem3_bss_ranges)
                0x0000000000000000                __cfasm_mem3_bss_ranges_start = 0x0
                0x0000000000000000                __cfasm_mem3_bss_ranges_end = 0x0

.cfasm_segments
                0x0000000000000000      0x234
                0x0000000000000000        0x2 SHORT 0x1
                0x0000000000000002        0x1 BYTE 0x63
                0x0000000000000003        0x1 BYTE 0x6d
                0x0000000000000004        0x1 BYTE 0x33
                0x0000000000000005        0x1 BYTE 0x5f
                0x0000000000000006        0x1 BYTE 0x70
                0x0000000000000007        0x1 BYTE 0x72
                0x0000000000000008        0x1 BYTE 0x6f
                0x0000000000000009        0x1 BYTE 0x67
                0x000000000000000a        0x1 BYTE 0x5f
                0x000000000000000b        0x1 BYTE 0x30
                0x000000000000000c        0x1 BYTE 0x78
                0x000000000000000d        0x1 BYTE 0x30
                0x000000000000000e        0x1 BYTE 0x30
                0x000000000000000f        0x1 BYTE 0x30
                0x0000000000000010        0x1 BYTE 0x30
                0x0000000000000011        0x1 BYTE 0x31
                0x0000000000000012        0x1 BYTE 0x35
                0x0000000000000013        0x1 BYTE 0x30
                0x0000000000000014        0x1 BYTE 0x38
                0x0000000000000015        0x1 BYTE 0x0
                0x0000000000000016        0x4 LONG 0xffffffffffffffff
                0x000000000000001a        0x4 LONG 0x5542
                0x000000000000001e        0x4 LONG 0x1
                0x0000000000000022        0x1 BYTE 0x0
                0x0000000000000023        0x2 SHORT 0x20
                0x0000000000000025        0x1 BYTE 0x63
                0x0000000000000026        0x1 BYTE 0x6d
                0x0000000000000027        0x1 BYTE 0x33
                0x0000000000000028        0x1 BYTE 0x5f
                0x0000000000000029        0x1 BYTE 0x64
                0x000000000000002a        0x1 BYTE 0x61
                0x000000000000002b        0x1 BYTE 0x74
                0x000000000000002c        0x1 BYTE 0x61
                0x000000000000002d        0x1 BYTE 0x5f
                0x000000000000002e        0x1 BYTE 0x30
                0x000000000000002f        0x1 BYTE 0x78
                0x0000000000000030        0x1 BYTE 0x32
                0x0000000000000031        0x1 BYTE 0x30
                0x0000000000000032        0x1 BYTE 0x30
                0x0000000000000033        0x1 BYTE 0x30
                0x0000000000000034        0x1 BYTE 0x30
                0x0000000000000035        0x1 BYTE 0x30
                0x0000000000000036        0x1 BYTE 0x30
                0x0000000000000037        0x1 BYTE 0x30
                0x0000000000000038        0x1 BYTE 0x0
                0x0000000000000039        0x4 LONG 0xffffffffffffffff
                0x000000000000003d        0x4 LONG 0x4000
                0x0000000000000041        0x4 LONG 0x1
                0x0000000000000045        0x1 BYTE 0x0
                0x0000000000000046        0x2 SHORT 0x20
                0x0000000000000048        0x1 BYTE 0x63
                0x0000000000000049        0x1 BYTE 0x6d
                0x000000000000004a        0x1 BYTE 0x33
                0x000000000000004b        0x1 BYTE 0x5f
                0x000000000000004c        0x1 BYTE 0x70
                0x000000000000004d        0x1 BYTE 0x72
                0x000000000000004e        0x1 BYTE 0x6f
                0x000000000000004f        0x1 BYTE 0x67
                0x0000000000000050        0x1 BYTE 0x5f
                0x0000000000000051        0x1 BYTE 0x30
                0x0000000000000052        0x1 BYTE 0x78
                0x0000000000000053        0x1 BYTE 0x30
                0x0000000000000054        0x1 BYTE 0x30
                0x0000000000000055        0x1 BYTE 0x30
                0x0000000000000056        0x1 BYTE 0x30
                0x0000000000000057        0x1 BYTE 0x30
                0x0000000000000058        0x1 BYTE 0x30
                0x0000000000000059        0x1 BYTE 0x30
                0x000000000000005a        0x1 BYTE 0x30
                0x000000000000005b        0x1 BYTE 0x0
                0x000000000000005c        0x4 LONG 0xffffffffffffffff
                0x0000000000000060        0x4 LONG 0x5000
                0x0000000000000064        0x4 LONG 0x1
                0x0000000000000068        0x1 BYTE 0x0
                0x0000000000000069        0x2 SHORT 0x20
                0x000000000000006b        0x1 BYTE 0x50
                0x000000000000006c        0x1 BYTE 0x5f
                0x000000000000006d        0x1 BYTE 0x50
                0x000000000000006e        0x1 BYTE 0x43
                0x000000000000006f        0x1 BYTE 0x4d
                0x0000000000000070        0x1 BYTE 0x5f
                0x0000000000000071        0x1 BYTE 0x49
                0x0000000000000072        0x1 BYTE 0x4e
                0x0000000000000073        0x1 BYTE 0x50
                0x0000000000000074        0x1 BYTE 0x55
                0x0000000000000075        0x1 BYTE 0x54
                0x0000000000000076        0x1 BYTE 0x5f
                0x0000000000000077        0x1 BYTE 0x52
                0x0000000000000078        0x1 BYTE 0x65
                0x0000000000000079        0x1 BYTE 0x73
                0x000000000000007a        0x1 BYTE 0x65
                0x000000000000007b        0x1 BYTE 0x72
                0x000000000000007c        0x1 BYTE 0x76
                0x000000000000007d        0x1 BYTE 0x65
                0x000000000000007e        0x1 BYTE 0x64
                0x000000000000007f        0x1 BYTE 0x0
                0x0000000000000080        0x4 LONG 0xffffffffffffffff
                0x0000000000000084        0x4 LONG 0x4dff
                0x0000000000000088        0x4 LONG 0x1
                0x000000000000008c        0x1 BYTE 0x0
                0x000000000000008d        0x2 SHORT 0x20
                0x000000000000008f        0x1 BYTE 0x73
                0x0000000000000090        0x1 BYTE 0x65
                0x0000000000000091        0x1 BYTE 0x67
                0x0000000000000092        0x1 BYTE 0x4d
                0x0000000000000093        0x1 BYTE 0x41
                0x0000000000000094        0x1 BYTE 0x54
                0x0000000000000095        0x1 BYTE 0x48
                0x0000000000000096        0x1 BYTE 0x4c
                0x0000000000000097        0x1 BYTE 0x49
                0x0000000000000098        0x1 BYTE 0x42
                0x0000000000000099        0x1 BYTE 0x0
                0x000000000000009a        0x4 LONG 0xffffffffffffffff
                0x000000000000009e        0x4 LONG 0xffffffffffffffff
                0x00000000000000a2        0x4 LONG 0x1
                0x00000000000000a6        0x1 BYTE 0x0
                0x00000000000000a7        0x2 SHORT 0x20
                0x00000000000000a9        0x1 BYTE 0x69
                0x00000000000000aa        0x1 BYTE 0x6e
                0x00000000000000ab        0x1 BYTE 0x74
                0x00000000000000ac        0x1 BYTE 0x5f
                0x00000000000000ad        0x1 BYTE 0x76
                0x00000000000000ae        0x1 BYTE 0x65
                0x00000000000000af        0x1 BYTE 0x63
                0x00000000000000b0        0x1 BYTE 0x74
                0x00000000000000b1        0x1 BYTE 0x5f
                0x00000000000000b2        0x1 BYTE 0x73
                0x00000000000000b3        0x1 BYTE 0x65
                0x00000000000000b4        0x1 BYTE 0x67
                0x00000000000000b5        0x1 BYTE 0x0
                0x00000000000000b6        0x4 LONG 0xffffffffffffffff
                0x00000000000000ba        0x4 LONG 0xdfe0
                0x00000000000000be        0x4 LONG 0x1
                0x00000000000000c2        0x1 BYTE 0x0
                0x00000000000000c3        0x2 SHORT 0x20
                0x00000000000000c5        0x1 BYTE 0x58
                0x00000000000000c6        0x1 BYTE 0x59
                0x00000000000000c7        0x1 BYTE 0x5f
                0x00000000000000c8        0x1 BYTE 0x53
                0x00000000000000c9        0x1 BYTE 0x79
                0x00000000000000ca        0x1 BYTE 0x73
                0x00000000000000cb        0x1 BYTE 0x74
                0x00000000000000cc        0x1 BYTE 0x65
                0x00000000000000cd        0x1 BYTE 0x6d
                0x00000000000000ce        0x1 BYTE 0x5f
                0x00000000000000cf        0x1 BYTE 0x4d
                0x00000000000000d0        0x1 BYTE 0x65
                0x00000000000000d1        0x1 BYTE 0x6d
                0x00000000000000d2        0x1 BYTE 0x6f
                0x00000000000000d3        0x1 BYTE 0x72
                0x00000000000000d4        0x1 BYTE 0x79
                0x00000000000000d5        0x1 BYTE 0x5f
                0x00000000000000d6        0x1 BYTE 0x52
                0x00000000000000d7        0x1 BYTE 0x65
                0x00000000000000d8        0x1 BYTE 0x73
                0x00000000000000d9        0x1 BYTE 0x65
                0x00000000000000da        0x1 BYTE 0x72
                0x00000000000000db        0x1 BYTE 0x76
                0x00000000000000dc        0x1 BYTE 0x65
                0x00000000000000dd        0x1 BYTE 0x64
                0x00000000000000de        0x1 BYTE 0x0
                0x00000000000000df        0x4 LONG 0xffffffffffffffff
                0x00000000000000e3        0x4 LONG 0xffffffffffffffff
                0x00000000000000e7        0x4 LONG 0x1
                0x00000000000000eb        0x1 BYTE 0x3
                0x00000000000000ec        0x2 SHORT 0x30
                0x00000000000000ee        0x1 BYTE 0x59
                0x00000000000000ef        0x1 BYTE 0x5f
                0x00000000000000f0        0x1 BYTE 0x53
                0x00000000000000f1        0x1 BYTE 0x79
                0x00000000000000f2        0x1 BYTE 0x73
                0x00000000000000f3        0x1 BYTE 0x74
                0x00000000000000f4        0x1 BYTE 0x65
                0x00000000000000f5        0x1 BYTE 0x6d
                0x00000000000000f6        0x1 BYTE 0x5f
                0x00000000000000f7        0x1 BYTE 0x4d
                0x00000000000000f8        0x1 BYTE 0x65
                0x00000000000000f9        0x1 BYTE 0x6d
                0x00000000000000fa        0x1 BYTE 0x6f
                0x00000000000000fb        0x1 BYTE 0x72
                0x00000000000000fc        0x1 BYTE 0x79
                0x00000000000000fd        0x1 BYTE 0x5f
                0x00000000000000fe        0x1 BYTE 0x52
                0x00000000000000ff        0x1 BYTE 0x65
                0x0000000000000100        0x1 BYTE 0x73
                0x0000000000000101        0x1 BYTE 0x65
                0x0000000000000102        0x1 BYTE 0x72
                0x0000000000000103        0x1 BYTE 0x76
                0x0000000000000104        0x1 BYTE 0x65
                0x0000000000000105        0x1 BYTE 0x64
                0x0000000000000106        0x1 BYTE 0x0
                0x0000000000000107        0x4 LONG 0xffffffffffffffff
                0x000000000000010b        0x4 LONG 0xffffffffffffffff
                0x000000000000010f        0x4 LONG 0x1
                0x0000000000000113        0x1 BYTE 0x2
                0x0000000000000114        0x2 SHORT 0x18
                0x0000000000000116        0x1 BYTE 0x58
                0x0000000000000117        0x1 BYTE 0x5f
                0x0000000000000118        0x1 BYTE 0x53
                0x0000000000000119        0x1 BYTE 0x79
                0x000000000000011a        0x1 BYTE 0x73
                0x000000000000011b        0x1 BYTE 0x74
                0x000000000000011c        0x1 BYTE 0x65
                0x000000000000011d        0x1 BYTE 0x6d
                0x000000000000011e        0x1 BYTE 0x5f
                0x000000000000011f        0x1 BYTE 0x50
                0x0000000000000120        0x1 BYTE 0x43
                0x0000000000000121        0x1 BYTE 0x4d
                0x0000000000000122        0x1 BYTE 0x5f
                0x0000000000000123        0x1 BYTE 0x44
                0x0000000000000124        0x1 BYTE 0x61
                0x0000000000000125        0x1 BYTE 0x74
                0x0000000000000126        0x1 BYTE 0x61
                0x0000000000000127        0x1 BYTE 0x5f
                0x0000000000000128        0x1 BYTE 0x4d
                0x0000000000000129        0x1 BYTE 0x65
                0x000000000000012a        0x1 BYTE 0x6d
                0x000000000000012b        0x1 BYTE 0x6f
                0x000000000000012c        0x1 BYTE 0x72
                0x000000000000012d        0x1 BYTE 0x79
                0x000000000000012e        0x1 BYTE 0x5f
                0x000000000000012f        0x1 BYTE 0x52
                0x0000000000000130        0x1 BYTE 0x65
                0x0000000000000131        0x1 BYTE 0x73
                0x0000000000000132        0x1 BYTE 0x65
                0x0000000000000133        0x1 BYTE 0x72
                0x0000000000000134        0x1 BYTE 0x76
                0x0000000000000135        0x1 BYTE 0x65
                0x0000000000000136        0x1 BYTE 0x64
                0x0000000000000137        0x1 BYTE 0x0
                0x0000000000000138        0x4 LONG 0xffffffffffffffff
                0x000000000000013c        0x4 LONG 0x2f70
                0x0000000000000140        0x4 LONG 0x1
                0x0000000000000144        0x1 BYTE 0x1
                0x0000000000000145        0x2 SHORT 0x18
                0x0000000000000147        0x1 BYTE 0x50
                0x0000000000000148        0x1 BYTE 0x5f
                0x0000000000000149        0x1 BYTE 0x50
                0x000000000000014a        0x1 BYTE 0x43
                0x000000000000014b        0x1 BYTE 0x4d
                0x000000000000014c        0x1 BYTE 0x5f
                0x000000000000014d        0x1 BYTE 0x52
                0x000000000000014e        0x1 BYTE 0x45
                0x000000000000014f        0x1 BYTE 0x54
                0x0000000000000150        0x1 BYTE 0x5f
                0x0000000000000151        0x1 BYTE 0x52
                0x0000000000000152        0x1 BYTE 0x65
                0x0000000000000153        0x1 BYTE 0x73
                0x0000000000000154        0x1 BYTE 0x65
                0x0000000000000155        0x1 BYTE 0x72
                0x0000000000000156        0x1 BYTE 0x76
                0x0000000000000157        0x1 BYTE 0x65
                0x0000000000000158        0x1 BYTE 0x64
                0x0000000000000159        0x1 BYTE 0x0
                0x000000000000015a        0x4 LONG 0xffffffffffffffff
                0x000000000000015e        0x4 LONG 0x4dfd
                0x0000000000000162        0x4 LONG 0x1
                0x0000000000000166        0x1 BYTE 0x0
                0x0000000000000167        0x2 SHORT 0x20
                0x0000000000000169        0x1 BYTE 0x69
                0x000000000000016a        0x1 BYTE 0x6e
                0x000000000000016b        0x1 BYTE 0x69
                0x000000000000016c        0x1 BYTE 0x74
                0x000000000000016d        0x1 BYTE 0x5f
                0x000000000000016e        0x1 BYTE 0x73
                0x000000000000016f        0x1 BYTE 0x65
                0x0000000000000170        0x1 BYTE 0x67
                0x0000000000000171        0x1 BYTE 0x0
                0x0000000000000172        0x4 LONG 0xffffffffffffffff
                0x0000000000000176        0x4 LONG 0xffffffffffffffff
                0x000000000000017a        0x4 LONG 0x1
                0x000000000000017e        0x1 BYTE 0x0
                0x000000000000017f        0x2 SHORT 0x20
                0x0000000000000181        0x1 BYTE 0x73
                0x0000000000000182        0x1 BYTE 0x65
                0x0000000000000183        0x1 BYTE 0x67
                0x0000000000000184        0x1 BYTE 0x45
                0x0000000000000185        0x1 BYTE 0x45
                0x0000000000000186        0x1 BYTE 0x4c
                0x0000000000000187        0x1 BYTE 0x49
                0x0000000000000188        0x1 BYTE 0x42
                0x0000000000000189        0x1 BYTE 0x0
                0x000000000000018a        0x4 LONG 0xffffffffffffffff
                0x000000000000018e        0x4 LONG 0xffffffffffffffff
                0x0000000000000192        0x4 LONG 0x1
                0x0000000000000196        0x1 BYTE 0x0
                0x0000000000000197        0x2 SHORT 0x20
                0x0000000000000199        0x1 BYTE 0x73
                0x000000000000019a        0x1 BYTE 0x65
                0x000000000000019b        0x1 BYTE 0x67
                0x000000000000019c        0x1 BYTE 0x5f
                0x000000000000019d        0x1 BYTE 0x73
                0x000000000000019e        0x1 BYTE 0x79
                0x000000000000019f        0x1 BYTE 0x73
                0x00000000000001a0        0x1 BYTE 0x6c
                0x00000000000001a1        0x1 BYTE 0x69
                0x00000000000001a2        0x1 BYTE 0x62
                0x00000000000001a3        0x1 BYTE 0x0
                0x00000000000001a4        0x4 LONG 0xffffffffffffffff
                0x00000000000001a8        0x4 LONG 0xffffffffffffffff
                0x00000000000001ac        0x4 LONG 0x1
                0x00000000000001b0        0x1 BYTE 0x0
                0x00000000000001b1        0x2 SHORT 0x20
                0x00000000000001b3        0x1 BYTE 0x58
                0x00000000000001b4        0x1 BYTE 0x5f
                0x00000000000001b5        0x1 BYTE 0x53
                0x00000000000001b6        0x1 BYTE 0x79
                0x00000000000001b7        0x1 BYTE 0x73
                0x00000000000001b8        0x1 BYTE 0x74
                0x00000000000001b9        0x1 BYTE 0x65
                0x00000000000001ba        0x1 BYTE 0x6d
                0x00000000000001bb        0x1 BYTE 0x5f
                0x00000000000001bc        0x1 BYTE 0x53
                0x00000000000001bd        0x1 BYTE 0x74
                0x00000000000001be        0x1 BYTE 0x61
                0x00000000000001bf        0x1 BYTE 0x63
                0x00000000000001c0        0x1 BYTE 0x6b
                0x00000000000001c1        0x1 BYTE 0x5f
                0x00000000000001c2        0x1 BYTE 0x4d
                0x00000000000001c3        0x1 BYTE 0x65
                0x00000000000001c4        0x1 BYTE 0x6d
                0x00000000000001c5        0x1 BYTE 0x6f
                0x00000000000001c6        0x1 BYTE 0x72
                0x00000000000001c7        0x1 BYTE 0x79
                0x00000000000001c8        0x1 BYTE 0x5f
                0x00000000000001c9        0x1 BYTE 0x52
                0x00000000000001ca        0x1 BYTE 0x65
                0x00000000000001cb        0x1 BYTE 0x73
                0x00000000000001cc        0x1 BYTE 0x65
                0x00000000000001cd        0x1 BYTE 0x72
                0x00000000000001ce        0x1 BYTE 0x76
                0x00000000000001cf        0x1 BYTE 0x65
                0x00000000000001d0        0x1 BYTE 0x64
                0x00000000000001d1        0x1 BYTE 0x0
                0x00000000000001d2        0x4 LONG 0xffffffffffffffff
                0x00000000000001d6        0x4 LONG 0x2f80
                0x00000000000001da        0x4 LONG 0x1
                0x00000000000001de        0x1 BYTE 0x1
                0x00000000000001df        0x2 SHORT 0x18
                0x00000000000001e1        0x1 BYTE 0x6d
                0x00000000000001e2        0x1 BYTE 0x61
                0x00000000000001e3        0x1 BYTE 0x69
                0x00000000000001e4        0x1 BYTE 0x6e
                0x00000000000001e5        0x1 BYTE 0x0
                0x00000000000001e6        0x4 LONG 0xffffffffffffffff
                0x00000000000001ea        0x4 LONG 0x8000
                0x00000000000001ee        0x4 LONG 0x1
                0x00000000000001f2        0x1 BYTE 0x0
                0x00000000000001f3        0x2 SHORT 0x20
                0x00000000000001f5        0x1 BYTE 0x58
                0x00000000000001f6        0x1 BYTE 0x5f
                0x00000000000001f7        0x1 BYTE 0x53
                0x00000000000001f8        0x1 BYTE 0x79
                0x00000000000001f9        0x1 BYTE 0x73
                0x00000000000001fa        0x1 BYTE 0x74
                0x00000000000001fb        0x1 BYTE 0x65
                0x00000000000001fc        0x1 BYTE 0x6d
                0x00000000000001fd        0x1 BYTE 0x5f
                0x00000000000001fe        0x1 BYTE 0x4d
                0x00000000000001ff        0x1 BYTE 0x65
                0x0000000000000200        0x1 BYTE 0x6d
                0x0000000000000201        0x1 BYTE 0x6f
                0x0000000000000202        0x1 BYTE 0x72
                0x0000000000000203        0x1 BYTE 0x79
                0x0000000000000204        0x1 BYTE 0x5f
                0x0000000000000205        0x1 BYTE 0x52
                0x0000000000000206        0x1 BYTE 0x65
                0x0000000000000207        0x1 BYTE 0x73
                0x0000000000000208        0x1 BYTE 0x65
                0x0000000000000209        0x1 BYTE 0x72
                0x000000000000020a        0x1 BYTE 0x76
                0x000000000000020b        0x1 BYTE 0x65
                0x000000000000020c        0x1 BYTE 0x64
                0x000000000000020d        0x1 BYTE 0x0
                0x000000000000020e        0x4 LONG 0xffffffffffffffff
                0x0000000000000212        0x4 LONG 0xffffffffffffffff
                0x0000000000000216        0x4 LONG 0x1
                0x000000000000021a        0x1 BYTE 0x1
                0x000000000000021b        0x2 SHORT 0x18
                0x000000000000021d        0x1 BYTE 0x69
                0x000000000000021e        0x1 BYTE 0x73
                0x000000000000021f        0x1 BYTE 0x72
                0x0000000000000220        0x1 BYTE 0x5f
                0x0000000000000221        0x1 BYTE 0x73
                0x0000000000000222        0x1 BYTE 0x65
                0x0000000000000223        0x1 BYTE 0x67
                0x0000000000000224        0x1 BYTE 0x0
                0x0000000000000225        0x4 LONG 0xffffffffffffffff
                0x0000000000000229        0x4 LONG 0xffffffffffffffff
                0x000000000000022d        0x4 LONG 0x1
                0x0000000000000231        0x1 BYTE 0x0
                0x0000000000000232        0x2 SHORT 0x20

/DISCARD/
 *(.cfasm_segments)
LOAD ./CM3.o
LOAD ./app.o
LOAD ./app_init.o
LOAD ./app_isr.o
LOAD ./app_memory.o
START GROUP
LOAD C:\PROGRA~2\ONSEMI~1\EZAIRO~1/lib/cfx\sk4_eeprom.a
LOAD C:\PROGRA~2\ONSEMI~1\EZAIRO~1/lib/cfx\sk4_sys.a
LOAD C:\PROGRA~2\ONSEMI~1\EZAIRO~1/lib/cfx\sk4_math.a
END GROUP
OUTPUT(Programms.cfe elf32-cfx)

.text           0x00000000000082ef        0x0 load address 0x0000000000000234
 .text          0x00000000000082ef        0x0 ./CM3.o
 .text          0x00000000000082ef        0x0 ./app.o
 .text          0x00000000000082ef        0x0 ./app_init.o
 .text          0x00000000000082ef        0x0 ./app_isr.o
 .text          0x00000000000082ef        0x0 ./app_memory.o
 .text          0x00000000000082ef        0x0 C:\PROGRA~2\ONSEMI~1\EZAIRO~1/lib/cfx\sk4_sys.a(sk4_syslib.o)

.data           0x00000000000082ef        0x0 load address 0x0000000000000234
 .data          0x00000000000082ef        0x0 ./CM3.o
 .data          0x00000000000082ef        0x0 ./app.o
 .data          0x00000000000082ef        0x0 ./app_init.o
 .data          0x00000000000082ef        0x0 ./app_isr.o
 .data          0x00000000000082ef        0x0 ./app_memory.o
 .data          0x00000000000082ef        0x0 C:\PROGRA~2\ONSEMI~1\EZAIRO~1/lib/cfx\sk4_sys.a(sk4_syslib.o)

.bss            0x00000000000082ef        0x0 load address 0x0000000000000234
 .bss           0x00000000000082ef        0x0 ./CM3.o
 .bss           0x00000000000082ef        0x0 ./app.o
 .bss           0x00000000000082ef        0x0 ./app_init.o
 .bss           0x00000000000082ef        0x0 ./app_isr.o
 .bss           0x00000000000082ef        0x0 ./app_memory.o
 .bss           0x00000000000082ef        0x0 C:\PROGRA~2\ONSEMI~1\EZAIRO~1/lib/cfx\sk4_sys.a(sk4_syslib.o)

.debug_line     0x0000000000000000    0x20175
 .debug_line    0x0000000000000000     0x54c8 ./CM3.o
 .debug_line    0x00000000000054c8     0x5e44 ./app.o
 .debug_line    0x000000000000b30c     0x56c5 ./app_init.o
 .debug_line    0x00000000000109d1     0x511a ./app_isr.o
 .debug_line    0x0000000000015aeb     0x5471 ./app_memory.o
 .debug_line    0x000000000001af5c     0x5219 C:\PROGRA~2\ONSEMI~1\EZAIRO~1/lib/cfx\sk4_sys.a(sk4_syslib.o)

.debug_info     0x0000000000000000      0x253
 .debug_info    0x0000000000000000       0x5e ./CM3.o
 .debug_info    0x000000000000005e       0x5e ./app.o
 .debug_info    0x00000000000000bc       0x63 ./app_init.o
 .debug_info    0x000000000000011f       0x62 ./app_isr.o
 .debug_info    0x0000000000000181       0x65 ./app_memory.o
 .debug_info    0x00000000000001e6       0x6d C:\PROGRA~2\ONSEMI~1\EZAIRO~1/lib/cfx\sk4_sys.a(sk4_syslib.o)

.debug_abbrev   0x0000000000000000       0x6c
 .debug_abbrev  0x0000000000000000       0x12 ./CM3.o
 .debug_abbrev  0x0000000000000012       0x12 ./app.o
 .debug_abbrev  0x0000000000000024       0x12 ./app_init.o
 .debug_abbrev  0x0000000000000036       0x12 ./app_isr.o
 .debug_abbrev  0x0000000000000048       0x12 ./app_memory.o
 .debug_abbrev  0x000000000000005a       0x12 C:\PROGRA~2\ONSEMI~1\EZAIRO~1/lib/cfx\sk4_sys.a(sk4_syslib.o)

.debug_aranges  0x0000000000000000      0x138
 .debug_aranges
                0x0000000000000000       0x38 ./CM3.o
 .debug_aranges
                0x0000000000000038       0x28 ./app.o
 .debug_aranges
                0x0000000000000060       0x28 ./app_init.o
 .debug_aranges
                0x0000000000000088       0x30 ./app_isr.o
 .debug_aranges
                0x00000000000000b8       0x58 ./app_memory.o
 .debug_aranges
                0x0000000000000110       0x28 C:\PROGRA~2\ONSEMI~1\EZAIRO~1/lib/cfx\sk4_sys.a(sk4_syslib.o)

.debug_ranges   0x0000000000000000      0x108
 .debug_ranges  0x0000000000000000       0x30 ./CM3.o
 .debug_ranges  0x0000000000000030       0x20 ./app.o
 .debug_ranges  0x0000000000000050       0x20 ./app_init.o
 .debug_ranges  0x0000000000000070       0x28 ./app_isr.o
 .debug_ranges  0x0000000000000098       0x50 ./app_memory.o
 .debug_ranges  0x00000000000000e8       0x20 C:\PROGRA~2\ONSEMI~1\EZAIRO~1/lib/cfx\sk4_sys.a(sk4_syslib.o)
